../libs/ILI9225.c:138:6:spi_write	16	static
../libs/ILI9225.c:147:6:lcd_write_data	16	static
../libs/ILI9225.c:161:6:lcd_write_command	16	static
../libs/ILI9225.c:175:6:lcd_write_register	16	static
../libs/ILI9225.c:186:6:swap_int	24	static
../libs/ILI9225.c:195:6:swap_char	24	static
../libs/ILI9225.c:205:6:delay_ms	40	static
../libs/ILI9225.c:218:6:delay_us	16	static
../libs/ILI9225.c:227:6:lcd_init	8	static
../libs/ILI9225.c:249:6:lcd_init_command_list	8	static
../libs/ILI9225.c:325:6:draw_pixel	16	static
../libs/ILI9225.c:341:6:fill_rectangle	40	static
../libs/ILI9225.c:382:6:set_draw_window	24	static
../libs/ILI9225.c:411:6:draw_char	48	static
../libs/ILI9225.c:444:6:draw_fast_char	48	static
../libs/ILI9225.c:502:6:draw_string	40	static
../libs/ILI9225.c:524:6:draw_fast_string	40	static
../libs/ILI9225.c:541:6:draw_bitmap	64	static
../libs/ILI9225.c:594:6:draw_pic_8bit	48	static
../libs/ILI9225.c:622:6:draw_pic_16bit	48	static
