Archive member included to satisfy reference by file (symbol)

D:/ST/STM32CubeIDE_1.13.2/STM32CubeIDE/plugins/com.st.stm32cube.ide.mcu.externaltools.gnu-tools-for-stm32.11.3.rel1.win32_1.1.1.202309131626/tools/bin/../lib/gcc/arm-none-eabi/11.3.1/../../../../arm-none-eabi/lib/thumb/v7-m/nofp\libc_nano.a(libc_a-exit.o)
                              D:/ST/STM32CubeIDE_1.13.2/STM32CubeIDE/plugins/com.st.stm32cube.ide.mcu.externaltools.gnu-tools-for-stm32.11.3.rel1.win32_1.1.1.202309131626/tools/bin/../lib/gcc/arm-none-eabi/11.3.1/../../../../arm-none-eabi/lib/thumb/v7-m/nofp/crt0.o (exit)
D:/ST/STM32CubeIDE_1.13.2/STM32CubeIDE/plugins/com.st.stm32cube.ide.mcu.externaltools.gnu-tools-for-stm32.11.3.rel1.win32_1.1.1.202309131626/tools/bin/../lib/gcc/arm-none-eabi/11.3.1/../../../../arm-none-eabi/lib/thumb/v7-m/nofp\libc_nano.a(libc_a-nano-vfprintf_float.o)
                              (_printf_float)
D:/ST/STM32CubeIDE_1.13.2/STM32CubeIDE/plugins/com.st.stm32cube.ide.mcu.externaltools.gnu-tools-for-stm32.11.3.rel1.win32_1.1.1.202309131626/tools/bin/../lib/gcc/arm-none-eabi/11.3.1/../../../../arm-none-eabi/lib/thumb/v7-m/nofp\libc_nano.a(libc_a-nano-vfprintf_i.o)
                              D:/ST/STM32CubeIDE_1.13.2/STM32CubeIDE/plugins/com.st.stm32cube.ide.mcu.externaltools.gnu-tools-for-stm32.11.3.rel1.win32_1.1.1.202309131626/tools/bin/../lib/gcc/arm-none-eabi/11.3.1/../../../../arm-none-eabi/lib/thumb/v7-m/nofp\libc_nano.a(libc_a-nano-vfprintf_float.o) (_printf_common)
D:/ST/STM32CubeIDE_1.13.2/STM32CubeIDE/plugins/com.st.stm32cube.ide.mcu.externaltools.gnu-tools-for-stm32.11.3.rel1.win32_1.1.1.202309131626/tools/bin/../lib/gcc/arm-none-eabi/11.3.1/../../../../arm-none-eabi/lib/thumb/v7-m/nofp\libc_nano.a(libc_a-findfp.o)
                              D:/ST/STM32CubeIDE_1.13.2/STM32CubeIDE/plugins/com.st.stm32cube.ide.mcu.externaltools.gnu-tools-for-stm32.11.3.rel1.win32_1.1.1.202309131626/tools/bin/../lib/gcc/arm-none-eabi/11.3.1/../../../../arm-none-eabi/lib/thumb/v7-m/nofp\libc_nano.a(libc_a-exit.o) (__stdio_exit_handler)
D:/ST/STM32CubeIDE_1.13.2/STM32CubeIDE/plugins/com.st.stm32cube.ide.mcu.externaltools.gnu-tools-for-stm32.11.3.rel1.win32_1.1.1.202309131626/tools/bin/../lib/gcc/arm-none-eabi/11.3.1/../../../../arm-none-eabi/lib/thumb/v7-m/nofp\libc_nano.a(libc_a-fwalk.o)
                              D:/ST/STM32CubeIDE_1.13.2/STM32CubeIDE/plugins/com.st.stm32cube.ide.mcu.externaltools.gnu-tools-for-stm32.11.3.rel1.win32_1.1.1.202309131626/tools/bin/../lib/gcc/arm-none-eabi/11.3.1/../../../../arm-none-eabi/lib/thumb/v7-m/nofp\libc_nano.a(libc_a-findfp.o) (_fwalk_sglue)
D:/ST/STM32CubeIDE_1.13.2/STM32CubeIDE/plugins/com.st.stm32cube.ide.mcu.externaltools.gnu-tools-for-stm32.11.3.rel1.win32_1.1.1.202309131626/tools/bin/../lib/gcc/arm-none-eabi/11.3.1/../../../../arm-none-eabi/lib/thumb/v7-m/nofp\libc_nano.a(libc_a-snprintf.o)
                              ./Core/Src/main.o (snprintf)
D:/ST/STM32CubeIDE_1.13.2/STM32CubeIDE/plugins/com.st.stm32cube.ide.mcu.externaltools.gnu-tools-for-stm32.11.3.rel1.win32_1.1.1.202309131626/tools/bin/../lib/gcc/arm-none-eabi/11.3.1/../../../../arm-none-eabi/lib/thumb/v7-m/nofp\libc_nano.a(libc_a-sprintf.o)
                              ./Core/Src/main.o (sprintf)
D:/ST/STM32CubeIDE_1.13.2/STM32CubeIDE/plugins/com.st.stm32cube.ide.mcu.externaltools.gnu-tools-for-stm32.11.3.rel1.win32_1.1.1.202309131626/tools/bin/../lib/gcc/arm-none-eabi/11.3.1/../../../../arm-none-eabi/lib/thumb/v7-m/nofp\libc_nano.a(libc_a-stdio.o)
                              D:/ST/STM32CubeIDE_1.13.2/STM32CubeIDE/plugins/com.st.stm32cube.ide.mcu.externaltools.gnu-tools-for-stm32.11.3.rel1.win32_1.1.1.202309131626/tools/bin/../lib/gcc/arm-none-eabi/11.3.1/../../../../arm-none-eabi/lib/thumb/v7-m/nofp\libc_nano.a(libc_a-findfp.o) (__sread)
D:/ST/STM32CubeIDE_1.13.2/STM32CubeIDE/plugins/com.st.stm32cube.ide.mcu.externaltools.gnu-tools-for-stm32.11.3.rel1.win32_1.1.1.202309131626/tools/bin/../lib/gcc/arm-none-eabi/11.3.1/../../../../arm-none-eabi/lib/thumb/v7-m/nofp\libc_nano.a(libc_a-memset.o)
                              D:/ST/STM32CubeIDE_1.13.2/STM32CubeIDE/plugins/com.st.stm32cube.ide.mcu.externaltools.gnu-tools-for-stm32.11.3.rel1.win32_1.1.1.202309131626/tools/bin/../lib/gcc/arm-none-eabi/11.3.1/../../../../arm-none-eabi/lib/thumb/v7-m/nofp/crt0.o (memset)
D:/ST/STM32CubeIDE_1.13.2/STM32CubeIDE/plugins/com.st.stm32cube.ide.mcu.externaltools.gnu-tools-for-stm32.11.3.rel1.win32_1.1.1.202309131626/tools/bin/../lib/gcc/arm-none-eabi/11.3.1/../../../../arm-none-eabi/lib/thumb/v7-m/nofp\libc_nano.a(libc_a-strchr.o)
                              ./Core/Src/main.o (strchr)
D:/ST/STM32CubeIDE_1.13.2/STM32CubeIDE/plugins/com.st.stm32cube.ide.mcu.externaltools.gnu-tools-for-stm32.11.3.rel1.win32_1.1.1.202309131626/tools/bin/../lib/gcc/arm-none-eabi/11.3.1/../../../../arm-none-eabi/lib/thumb/v7-m/nofp\libc_nano.a(libc_a-strtok.o)
                              ./Core/Src/main.o (strtok)
[...]
Memory Configuration

Name             Origin             Length             Attributes
RAM              0x0000000020000000 0x0000000000005000 xrw
FLASH            0x0000000008000000 0x0000000000010000 xr
*default*        0x0000000000000000 0xffffffffffffffff

Linker script and memory map

LOAD D:/ST/STM32CubeIDE_1.13.2/STM32CubeIDE/plugins/com.st.stm32cube.ide.mcu.externaltools.gnu-tools-for-stm32.11.3.rel1.win32_1.1.1.202309131626/tools/bin/../lib/gcc/arm-none-eabi/11.3.1/thumb/v7-m/nofp/crti.o
LOAD D:/ST/STM32CubeIDE_1.13.2/STM32CubeIDE/plugins/com.st.stm32cube.ide.mcu.externaltools.gnu-tools-for-stm32.11.3.rel1.win32_1.1.1.202309131626/tools/bin/../lib/gcc/arm-none-eabi/11.3.1/thumb/v7-m/nofp/crtbegin.o
LOAD D:/ST/STM32CubeIDE_1.13.2/STM32CubeIDE/plugins/com.st.stm32cube.ide.mcu.externaltools.gnu-tools-for-stm32.11.3.rel1.win32_1.1.1.202309131626/tools/bin/../lib/gcc/arm-none-eabi/11.3.1/../../../../arm-none-eabi/lib/thumb/v7-m/nofp/crt0.o
LOAD ./Core/Src/main.o
LOAD ./Core/Src/stm32f1xx_hal_msp.o
LOAD ./Core/Src/stm32f1xx_it.o
LOAD ./Core/Src/syscalls.o
LOAD ./Core/Src/sysmem.o
LOAD ./Core/Src/system_stm32f1xx.o
LOAD ./Core/Startup/startup_stm32f103c8tx.o
LOAD ./Drivers/STM32F1xx_HAL_Driver/Src/stm32f1xx_hal.o
LOAD ./Drivers/STM32F1xx_HAL_Driver/Src/stm32f1xx_hal_cortex.o
LOAD ./Drivers/STM32F1xx_HAL_Driver/Src/stm32f1xx_hal_dma.o
LOAD ./Drivers/STM32F1xx_HAL_Driver/Src/stm32f1xx_hal_exti.o
LOAD ./Drivers/STM32F1xx_HAL_Driver/Src/stm32f1xx_hal_flash.o
LOAD ./Drivers/STM32F1xx_HAL_Driver/Src/stm32f1xx_hal_flash_ex.o
LOAD ./Drivers/STM32F1xx_HAL_Driver/Src/stm32f1xx_hal_gpio.o
LOAD ./Drivers/STM32F1xx_HAL_Driver/Src/stm32f1xx_hal_gpio_ex.o
LOAD ./Drivers/STM32F1xx_HAL_Driver/Src/stm32f1xx_hal_i2c.o
LOAD ./Drivers/STM32F1xx_HAL_Driver/Src/stm32f1xx_hal_pwr.o
LOAD ./Drivers/STM32F1xx_HAL_Driver/Src/stm32f1xx_hal_rcc.o
LOAD ./Drivers/STM32F1xx_HAL_Driver/Src/stm32f1xx_hal_rcc_ex.o
LOAD ./Drivers/STM32F1xx_HAL_Driver/Src/stm32f1xx_hal_spi.o
LOAD ./Drivers/STM32F1xx_HAL_Driver/Src/stm32f1xx_hal_tim.o
LOAD ./Drivers/STM32F1xx_HAL_Driver/Src/stm32f1xx_hal_tim_ex.o
LOAD ./Drivers/STM32F1xx_HAL_Driver/Src/stm32f1xx_hal_uart.o
LOAD ./libs/DHT.o
LOAD ./libs/ILI9225.o
LOAD ./libs/RTC.o
START GROUP
LOAD D:/ST/STM32CubeIDE_1.13.2/STM32CubeIDE/plugins/com.st.stm32cube.ide.mcu.externaltools.gnu-tools-for-stm32.11.3.rel1.win32_1.1.1.202309131626/tools/bin/../lib/gcc/arm-none-eabi/11.3.1/../../../../arm-none-eabi/lib/thumb/v7-m/nofp\libc_nano.a
LOAD D:/ST/STM32CubeIDE_1.13.2/STM32CubeIDE/plugins/com.st.stm32cube.ide.mcu.externaltools.gnu-tools-for-stm32.11.3.rel1.win32_1.1.1.202309131626/tools/bin/../lib/gcc/arm-none-eabi/11.3.1/../../../../arm-none-eabi/lib/thumb/v7-m/nofp\libm.a
END GROUP
START GROUP
LOAD D:/ST/STM32CubeIDE_1.13.2/STM32CubeIDE/plugins/com.st.stm32cube.ide.mcu.externaltools.gnu-tools-for-stm32.11.3.rel1.win32_1.1.1.202309131626/tools/bin/../lib/gcc/arm-none-eabi/11.3.1/thumb/v7-m/nofp\libgcc.a
LOAD D:/ST/STM32CubeIDE_1.13.2/STM32CubeIDE/plugins/com.st.stm32cube.ide.mcu.externaltools.gnu-tools-for-stm32.11.3.rel1.win32_1.1.1.202309131626/tools/bin/../lib/gcc/arm-none-eabi/11.3.1/../../../../arm-none-eabi/lib/thumb/v7-m/nofp\libc_nano.a
END GROUP
START GROUP
LOAD D:/ST/STM32CubeIDE_1.13.2/STM32CubeIDE/plugins/com.st.stm32cube.ide.mcu.externaltools.gnu-tools-for-stm32.11.3.rel1.win32_1.1.1.202309131626/tools/bin/../lib/gcc/arm-none-eabi/11.3.1/thumb/v7-m/nofp\libgcc.a
LOAD D:/ST/STM32CubeIDE_1.13.2/STM32CubeIDE/plugins/com.st.stm32cube.ide.mcu.externaltools.gnu-tools-for-stm32.11.3.rel1.win32_1.1.1.202309131626/tools/bin/../lib/gcc/arm-none-eabi/11.3.1/../../../../arm-none-eabi/lib/thumb/v7-m/nofp\libc_nano.a
LOAD D:/ST/STM32CubeIDE_1.13.2/STM32CubeIDE/plugins/com.st.stm32cube.ide.mcu.externaltools.gnu-tools-for-stm32.11.3.rel1.win32_1.1.1.202309131626/tools/bin/../lib/gcc/arm-none-eabi/11.3.1/../../../../arm-none-eabi/lib/thumb/v7-m/nofp\libnosys.a
END GROUP
START GROUP
LOAD D:/ST/STM32CubeIDE_1.13.2/STM32CubeIDE/plugins/com.st.stm32cube.ide.mcu.externaltools.gnu-tools-for-stm32.11.3.rel1.win32_1.1.1.202309131626/tools/bin/../lib/gcc/arm-none-eabi/11.3.1/thumb/v7-m/nofp\libgcc.a
LOAD D:/ST/STM32CubeIDE_1.13.2/STM32CubeIDE/plugins/com.st.stm32cube.ide.mcu.externaltools.gnu-tools-for-stm32.11.3.rel1.win32_1.1.1.202309131626/tools/bin/../lib/gcc/arm-none-eabi/11.3.1/../../../../arm-none-eabi/lib/thumb/v7-m/nofp\libc_nano.a
LOAD D:/ST/STM32CubeIDE_1.13.2/STM32CubeIDE/plugins/com.st.stm32cube.ide.mcu.externaltools.gnu-tools-for-stm32.11.3.rel1.win32_1.1.1.202309131626/tools/bin/../lib/gcc/arm-none-eabi/11.3.1/../../../../arm-none-eabi/lib/thumb/v7-m/nofp\libnosys.a
END GROUP
LOAD D:/ST/STM32CubeIDE_1.13.2/STM32CubeIDE/plugins/com.st.stm32cube.ide.mcu.externaltools.gnu-tools-for-stm32.11.3.rel1.win32_1.1.1.202309131626/tools/bin/../lib/gcc/arm-none-eabi/11.3.1/thumb/v7-m/nofp/crtend.o
LOAD D:/ST/STM32CubeIDE_1.13.2/STM32CubeIDE/plugins/com.st.stm32cube.ide.mcu.externaltools.gnu-tools-for-stm32.11.3.rel1.win32_1.1.1.202309131626/tools/bin/../lib/gcc/arm-none-eabi/11.3.1/thumb/v7-m/nofp/crtn.o
                0x0000000020005000                _estack = (ORIGIN (RAM) + LENGTH (RAM))
                0x0000000000000200                _Min_Heap_Size = 0x200
                0x0000000000000400                _Min_Stack_Size = 0x400

.isr_vector     0x0000000008000000      0x10c
                0x0000000008000000                . = ALIGN (0x4)
 *(.isr_vector)
 .isr_vector    0x0000000008000000      0x10c ./Core/Startup/startup_stm32f103c8tx.o
                0x0000000008000000                g_pfnVectors
                0x000000000800010c                . = ALIGN (0x4)

.text           0x0000000008000110     0x8f88
                0x0000000008000110                . = ALIGN (0x4)
 *(.text)
 .text          0x0000000008000110       0x40 D:/ST/STM32CubeIDE_1.13.2/STM32CubeIDE/plugins/com.st.stm32cube.ide.mcu.externaltools.gnu-tools-for-stm32.11.3.rel1.win32_1.1.1.202309131626/tools/bin/../lib/gcc/arm-none-eabi/11.3.1/thumb/v7-m/nofp/crtbegin.o
 .text          0x0000000008000150       0x10 D:/ST/STM32CubeIDE_1.13.2/STM32CubeIDE/plugins/com.st.stm32cube.ide.mcu.externaltools.gnu-tools-for-stm32.11.3.rel1.win32_1.1.1.202309131626/tools/bin/../lib/gcc/arm-none-eabi/11.3.1/../../../../arm-none-eabi/lib/thumb/v7-m/nofp\libc_nano.a(libc_a-strlen.o)
                0x0000000008000150                strlen
 .text          0x0000000008000160      0x378 D:/ST/STM32CubeIDE_1.13.2/STM32CubeIDE/plugins/com.st.stm32cube.ide.mcu.externaltools.gnu-tools-for-stm32.11.3.rel1.win32_1.1.1.202309131626/tools/bin/../lib/gcc/arm-none-eabi/11.3.1/thumb/v7-m/nofp\libgcc.a(_arm_addsubdf3.o)
                0x0000000008000160                __aeabi_drsub
                0x0000000008000168                __aeabi_dsub
                0x0000000008000168                __subdf3
                0x000000000800016c                __aeabi_dadd
                0x000000000800016c                __adddf3
                0x00000000080003e4                __floatunsidf
                0x00000000080003e4                __aeabi_ui2d
                0x0000000008000404                __floatsidf
                0x0000000008000404                __aeabi_i2d
                0x0000000008000428                __aeabi_f2d
                0x0000000008000428                __extendsfdf2
                0x000000000800046c                __floatundidf
                0x000000000800046c                __aeabi_ul2d
                0x000000000800047c                __floatdidf
                0x000000000800047c                __aeabi_l2d
 .text          0x00000000080004d8      0x424 D:/ST/STM32CubeIDE_1.13.2/STM32CubeIDE/plugins/com.st.stm32cube.ide.mcu.externaltools.gnu-tools-for-stm32.11.3.rel1.win32_1.1.1.202309131626/tools/bin/../lib/gcc/arm-none-eabi/11.3.1/thumb/v7-m/nofp\libgcc.a(_arm_muldivdf3.o)
                0x00000000080004d8                __aeabi_dmul
                0x00000000080004d8                __muldf3
                0x000000000800072c                __divdf3
                0x000000000800072c                __aeabi_ddiv
 .text          0x00000000080008fc      0x110 D:/ST/STM32CubeIDE_1.13.2/STM32CubeIDE/plugins/com.st.stm32cube.ide.mcu.externaltools.gnu-tools-for-stm32.11.3.rel1.win32_1.1.1.202309131626/tools/bin/../lib/gcc/arm-none-eabi/11.3.1/thumb/v7-m/nofp\libgcc.a(_arm_cmpdf2.o)
                0x00000000080008fc                __gtdf2
                0x00000000080008fc                __gedf2
                0x0000000008000904                __ltdf2
                0x0000000008000904                __ledf2
                0x000000000800090c                __nedf2
                0x000000000800090c                __eqdf2
                0x000000000800090c                __cmpdf2
                0x0000000008000988                __aeabi_cdrcmple
                0x0000000008000998                __aeabi_cdcmpeq
                0x0000000008000998                __aeabi_cdcmple
                0x00000000080009a8                __aeabi_dcmpeq
                0x00000000080009bc                __aeabi_dcmplt
                0x00000000080009d0                __aeabi_dcmple
                0x00000000080009e4                __aeabi_dcmpge
                0x00000000080009f8                __aeabi_dcmpgt
 .text          0x0000000008000a0c       0x2c D:/ST/STM32CubeIDE_1.13.2/STM32CubeIDE/plugins/com.st.stm32cube.ide.mcu.externaltools.gnu-tools-for-stm32.11.3.rel1.win32_1.1.1.202309131626/tools/bin/../lib/gcc/arm-none-eabi/11.3.1/thumb/v7-m/nofp\libgcc.a(_arm_unorddf2.o)
                0x0000000008000a0c                __unorddf2
                0x0000000008000a0c                __aeabi_dcmpun
 .text          0x0000000008000a38       0x50 D:/ST/STM32CubeIDE_1.13.2/STM32CubeIDE/plugins/com.st.stm32cube.ide.mcu.externaltools.gnu-tools-for-stm32.11.3.rel1.win32_1.1.1.202309131626/tools/bin/../lib/gcc/arm-none-eabi/11.3.1/thumb/v7-m/nofp\libgcc.a(_arm_fixdfsi.o)
                0x0000000008000a38                __aeabi_d2iz
                0x0000000008000a38                __fixdfsi
 .text          0x0000000008000a88      0x21c D:/ST/STM32CubeIDE_1.13.2/STM32CubeIDE/plugins/com.st.stm32cube.ide.mcu.externaltools.gnu-tools-for-stm32.11.3.rel1.win32_1.1.1.202309131626/tools/bin/../lib/gcc/arm-none-eabi/11.3.1/thumb/v7-m/nofp\libgcc.a(_arm_addsubsf3.o)
                0x0000000008000a88                __aeabi_frsub
                0x0000000008000a90                __subsf3
                0x0000000008000a90                __aeabi_fsub
                0x0000000008000a94                __aeabi_fadd
                0x0000000008000a94                __addsf3
                0x0000000008000bf4                __aeabi_ui2f
                0x0000000008000bf4                __floatunsisf
                0x0000000008000bfc                __aeabi_i2f
                0x0000000008000bfc                __floatsisf
                0x0000000008000c18                __aeabi_ul2f
                0x0000000008000c18                __floatundisf
                0x0000000008000c28                __aeabi_l2f
                0x0000000008000c28                __floatdisf
 .text          0x0000000008000ca4       0xec D:/ST/STM32CubeIDE_1.13.2/STM32CubeIDE/plugins/com.st.stm32cube.ide.mcu.externaltools.gnu-tools-for-stm32.11.3.rel1.win32_1.1.1.202309131626/tools/bin/../lib/gcc/arm-none-eabi/11.3.1/thumb/v7-m/nofp\libgcc.a(_arm_cmpsf2.o)
                0x0000000008000ca4                __gesf2
                0x0000000008000ca4                __gtsf2
                0x0000000008000cac                __lesf2
                0x0000000008000cac                __ltsf2
                0x0000000008000cb4                __nesf2
                0x0000000008000cb4                __eqsf2
                0x0000000008000cb4                __cmpsf2
                0x0000000008000d14                __aeabi_cfrcmple
                0x0000000008000d1c                __aeabi_cfcmpeq
                0x0000000008000d1c                __aeabi_cfcmple
                0x0000000008000d2c                __aeabi_fcmpeq
                0x0000000008000d40                __aeabi_fcmplt
                0x0000000008000d54                __aeabi_fcmple
                0x0000000008000d68                __aeabi_fcmpge
                0x0000000008000d7c                __aeabi_fcmpgt
 .text          0x0000000008000d90       0x40 D:/ST/STM32CubeIDE_1.13.2/STM32CubeIDE/plugins/com.st.stm32cube.ide.mcu.externaltools.gnu-tools-for-stm32.11.3.rel1.win32_1.1.1.202309131626/tools/bin/../lib/gcc/arm-none-eabi/11.3.1/thumb/v7-m/nofp\libgcc.a(_arm_fixunssfsi.o)
                0x0000000008000d90                __fixunssfsi
                0x0000000008000d90                __aeabi_f2uiz
 *(.text*)
 .text.Read_DataDHT
                0x0000000008000dd0       0x5c ./Core/Src/main.o
                0x0000000008000dd0                Read_DataDHT
 .text.HAL_GPIO_EXTI_Callback
                0x0000000008000e2c       0x98 ./Core/Src/main.o
                0x0000000008000e2c                HAL_GPIO_EXTI_Callback
 .text.btn_adjust_mode
                0x0000000008000ec4      0x1f4 ./Core/Src/main.o
                0x0000000008000ec4                btn_adjust_mode
 .text.btn_adjust_up
                0x00000000080010b8      0x234 ./Core/Src/main.o
                0x00000000080010b8                btn_adjust_up
 .text.btn_adjust_down
                0x00000000080012ec      0x238 ./Core/Src/main.o
                0x00000000080012ec                btn_adjust_down
 .text.HAL_UART_RxCpltCallback
                0x0000000008001524       0x70 ./Core/Src/main.o
                0x0000000008001524                HAL_UART_RxCpltCallback
 .text.UART_Handle
                0x0000000008001594      0x1d0 ./Core/Src/main.o
                0x0000000008001594                UART_Handle
 .text.main     0x0000000008001764      0x658 ./Core/Src/main.o
                0x0000000008001764                main
 .text.SystemClock_Config
                0x0000000008001dbc       0x8a ./Core/Src/main.o
                0x0000000008001dbc                SystemClock_Config
 *fill*         0x0000000008001e46        0x2 
 .text.MX_I2C2_Init
                0x0000000008001e48       0x5c ./Core/Src/main.o
 .text.MX_SPI1_Init
                0x0000000008001ea4       0x6c ./Core/Src/main.o
 .text.MX_USART1_UART_Init
                0x0000000008001f10       0x54 ./Core/Src/main.o
 .text.MX_GPIO_Init
                0x0000000008001f64       0xfc ./Core/Src/main.o
 .text.Error_Handler
                0x0000000008002060        0xa ./Core/Src/main.o
                0x0000000008002060                Error_Handler
 *fill*         0x000000000800206a        0x2 
 .text.HAL_MspInit
                0x000000000800206c       0x64 ./Core/Src/stm32f1xx_hal_msp.o
                0x000000000800206c                HAL_MspInit
 .text.HAL_I2C_MspInit
                0x00000000080020d0       0x80 ./Core/Src/stm32f1xx_hal_msp.o
                0x00000000080020d0                HAL_I2C_MspInit
 .text.HAL_SPI_MspInit
                0x0000000008002150       0x7c ./Core/Src/stm32f1xx_hal_msp.o
                0x0000000008002150                HAL_SPI_MspInit
 .text.HAL_UART_MspInit
                0x00000000080021cc       0xa8 ./Core/Src/stm32f1xx_hal_msp.o
                0x00000000080021cc                HAL_UART_MspInit
 .text.NMI_Handler
                0x0000000008002274        0x6 ./Core/Src/stm32f1xx_it.o
                0x0000000008002274                NMI_Handler
 .text.HardFault_Handler
                0x000000000800227a        0x6 ./Core/Src/stm32f1xx_it.o
                0x000000000800227a                HardFault_Handler
 .text.MemManage_Handler
                0x0000000008002280        0x6 ./Core/Src/stm32f1xx_it.o
                0x0000000008002280                MemManage_Handler
 .text.BusFault_Handler
                0x0000000008002286        0x6 ./Core/Src/stm32f1xx_it.o
                0x0000000008002286                BusFault_Handler
 .text.UsageFault_Handler
                0x000000000800228c        0x6 ./Core/Src/stm32f1xx_it.o
                0x000000000800228c                UsageFault_Handler
 .text.SVC_Handler
                0x0000000008002292        0xc ./Core/Src/stm32f1xx_it.o
                0x0000000008002292                SVC_Handler
 .text.DebugMon_Handler
                0x000000000800229e        0xc ./Core/Src/stm32f1xx_it.o
                0x000000000800229e                DebugMon_Handler
 .text.PendSV_Handler
                0x00000000080022aa        0xc ./Core/Src/stm32f1xx_it.o
                0x00000000080022aa                PendSV_Handler
 .text.SysTick_Handler
                0x00000000080022b6        0xc ./Core/Src/stm32f1xx_it.o
                0x00000000080022b6                SysTick_Handler
 .text.EXTI4_IRQHandler
                0x00000000080022c2        0xe ./Core/Src/stm32f1xx_it.o
                0x00000000080022c2                EXTI4_IRQHandler
 .text.EXTI9_5_IRQHandler
                0x00000000080022d0       0x14 ./Core/Src/stm32f1xx_it.o
                0x00000000080022d0                EXTI9_5_IRQHandler
 .text.USART1_IRQHandler
                0x00000000080022e4       0x14 ./Core/Src/stm32f1xx_it.o
                0x00000000080022e4                USART1_IRQHandler
 .text._getpid  0x00000000080022f8        0xe ./Core/Src/syscalls.o
                0x00000000080022f8                _getpid
 .text._kill    0x0000000008002306       0x20 ./Core/Src/syscalls.o
                0x0000000008002306                _kill
 .text._exit    0x0000000008002326       0x14 ./Core/Src/syscalls.o
                0x0000000008002326                _exit
 .text._read    0x000000000800233a       0x3a ./Core/Src/syscalls.o
                0x000000000800233a                _read
 .text._write   0x0000000008002374       0x38 ./Core/Src/syscalls.o
                0x0000000008002374                _write
 .text._close   0x00000000080023ac       0x16 ./Core/Src/syscalls.o
                0x00000000080023ac                _close
 .text._fstat   0x00000000080023c2       0x1e ./Core/Src/syscalls.o
                0x00000000080023c2                _fstat
 .text._isatty  0x00000000080023e0       0x14 ./Core/Src/syscalls.o
                0x00000000080023e0                _isatty
 .text._lseek   0x00000000080023f4       0x18 ./Core/Src/syscalls.o
                0x00000000080023f4                _lseek
 .text._sbrk    0x000000000800240c       0x6c ./Core/Src/sysmem.o
                0x000000000800240c                _sbrk
 .text.SystemInit
                0x0000000008002478        0xc ./Core/Src/system_stm32f1xx.o
                0x0000000008002478                SystemInit
 .text.Reset_Handler
                0x0000000008002484       0x48 ./Core/Startup/startup_stm32f103c8tx.o
                0x0000000008002484                Reset_Handler
 .text.Default_Handler
                0x00000000080024cc        0x2 ./Core/Startup/startup_stm32f103c8tx.o
                0x00000000080024cc                RTC_Alarm_IRQHandler
                0x00000000080024cc                EXTI2_IRQHandler
                0x00000000080024cc                TIM1_CC_IRQHandler
                0x00000000080024cc                PVD_IRQHandler
                0x00000000080024cc                EXTI3_IRQHandler
                0x00000000080024cc                EXTI0_IRQHandler
                0x00000000080024cc                I2C2_EV_IRQHandler
                0x00000000080024cc                ADC1_2_IRQHandler
                0x00000000080024cc                SPI1_IRQHandler
                0x00000000080024cc                TAMPER_IRQHandler
                0x00000000080024cc                DMA1_Channel4_IRQHandler
                0x00000000080024cc                USART3_IRQHandler
                0x00000000080024cc                RTC_IRQHandler
                0x00000000080024cc                DMA1_Channel7_IRQHandler
                0x00000000080024cc                CAN1_RX1_IRQHandler
                0x00000000080024cc                TIM4_IRQHandler
                0x00000000080024cc                I2C1_EV_IRQHandler
                0x00000000080024cc                DMA1_Channel6_IRQHandler
                0x00000000080024cc                TIM3_IRQHandler
                0x00000000080024cc                RCC_IRQHandler
                0x00000000080024cc                TIM1_TRG_COM_IRQHandler
                0x00000000080024cc                DMA1_Channel1_IRQHandler
                0x00000000080024cc                Default_Handler
                0x00000000080024cc                EXTI15_10_IRQHandler
                0x00000000080024cc                SPI2_IRQHandler
                0x00000000080024cc                DMA1_Channel5_IRQHandler
                0x00000000080024cc                USB_LP_CAN1_RX0_IRQHandler
                0x00000000080024cc                USB_HP_CAN1_TX_IRQHandler
                0x00000000080024cc                DMA1_Channel3_IRQHandler
                0x00000000080024cc                TIM1_UP_IRQHandler
                0x00000000080024cc                WWDG_IRQHandler
                0x00000000080024cc                TIM2_IRQHandler
                0x00000000080024cc                TIM1_BRK_IRQHandler
                0x00000000080024cc                EXTI1_IRQHandler
                0x00000000080024cc                USART2_IRQHandler
                0x00000000080024cc                I2C2_ER_IRQHandler
                0x00000000080024cc                DMA1_Channel2_IRQHandler
                0x00000000080024cc                CAN1_SCE_IRQHandler
                0x00000000080024cc                FLASH_IRQHandler
                0x00000000080024cc                I2C1_ER_IRQHandler
                0x00000000080024cc                USBWakeUp_IRQHandler
 *fill*         0x00000000080024ce        0x2 
 .text.HAL_Init
                0x00000000080024d0       0x2c ./Drivers/STM32F1xx_HAL_Driver/Src/stm32f1xx_hal.o
                0x00000000080024d0                HAL_Init
 .text.HAL_InitTick
                0x00000000080024fc       0x60 ./Drivers/STM32F1xx_HAL_Driver/Src/stm32f1xx_hal.o
                0x00000000080024fc                HAL_InitTick
 .text.HAL_IncTick
                0x000000000800255c       0x24 ./Drivers/STM32F1xx_HAL_Driver/Src/stm32f1xx_hal.o
                0x000000000800255c                HAL_IncTick
 .text.HAL_GetTick
                0x0000000008002580       0x14 ./Drivers/STM32F1xx_HAL_Driver/Src/stm32f1xx_hal.o
                0x0000000008002580                HAL_GetTick
 .text.HAL_Delay
                0x0000000008002594       0x48 ./Drivers/STM32F1xx_HAL_Driver/Src/stm32f1xx_hal.o
                0x0000000008002594                HAL_Delay
 .text.__NVIC_SetPriorityGrouping
                0x00000000080025dc       0x48 ./Drivers/STM32F1xx_HAL_Driver/Src/stm32f1xx_hal_cortex.o
 .text.__NVIC_GetPriorityGrouping
                0x0000000008002624       0x1c ./Drivers/STM32F1xx_HAL_Driver/Src/stm32f1xx_hal_cortex.o
 .text.__NVIC_EnableIRQ
                0x0000000008002640       0x38 ./Drivers/STM32F1xx_HAL_Driver/Src/stm32f1xx_hal_cortex.o
 .text.__NVIC_SetPriority
                0x0000000008002678       0x54 ./Drivers/STM32F1xx_HAL_Driver/Src/stm32f1xx_hal_cortex.o
 .text.NVIC_EncodePriority
                0x00000000080026cc       0x64 ./Drivers/STM32F1xx_HAL_Driver/Src/stm32f1xx_hal_cortex.o
 .text.SysTick_Config
                0x0000000008002730       0x44 ./Drivers/STM32F1xx_HAL_Driver/Src/stm32f1xx_hal_cortex.o
 .text.HAL_NVIC_SetPriorityGrouping
                0x0000000008002774       0x16 ./Drivers/STM32F1xx_HAL_Driver/Src/stm32f1xx_hal_cortex.o
                0x0000000008002774                HAL_NVIC_SetPriorityGrouping
 .text.HAL_NVIC_SetPriority
                0x000000000800278a       0x38 ./Drivers/STM32F1xx_HAL_Driver/Src/stm32f1xx_hal_cortex.o
                0x000000000800278a                HAL_NVIC_SetPriority
 .text.HAL_NVIC_EnableIRQ
                0x00000000080027c2       0x1c ./Drivers/STM32F1xx_HAL_Driver/Src/stm32f1xx_hal_cortex.o
                0x00000000080027c2                HAL_NVIC_EnableIRQ
 .text.HAL_SYSTICK_Config
                0x00000000080027de       0x18 ./Drivers/STM32F1xx_HAL_Driver/Src/stm32f1xx_hal_cortex.o
                0x00000000080027de                HAL_SYSTICK_Config
 .text.HAL_DMA_Abort
                0x00000000080027f6       0x74 ./Drivers/STM32F1xx_HAL_Driver/Src/stm32f1xx_hal_dma.o
                0x00000000080027f6                HAL_DMA_Abort
 *fill*         0x000000000800286a        0x2 
 .text.HAL_DMA_Abort_IT
                0x000000000800286c       0xec ./Drivers/STM32F1xx_HAL_Driver/Src/stm32f1xx_hal_dma.o
                0x000000000800286c                HAL_DMA_Abort_IT
 .text.HAL_GPIO_Init
                0x0000000008002958      0x308 ./Drivers/STM32F1xx_HAL_Driver/Src/stm32f1xx_hal_gpio.o
                0x0000000008002958                HAL_GPIO_Init
 .text.HAL_GPIO_ReadPin
                0x0000000008002c60       0x2e ./Drivers/STM32F1xx_HAL_Driver/Src/stm32f1xx_hal_gpio.o
                0x0000000008002c60                HAL_GPIO_ReadPin
 .text.HAL_GPIO_WritePin
                0x0000000008002c8e       0x30 ./Drivers/STM32F1xx_HAL_Driver/Src/stm32f1xx_hal_gpio.o
                0x0000000008002c8e                HAL_GPIO_WritePin
 *fill*         0x0000000008002cbe        0x2 
 .text.HAL_GPIO_EXTI_IRQHandler
                0x0000000008002cc0       0x30 ./Drivers/STM32F1xx_HAL_Driver/Src/stm32f1xx_hal_gpio.o
                0x0000000008002cc0                HAL_GPIO_EXTI_IRQHandler
 .text.HAL_I2C_Init
                0x0000000008002cf0      0x288 ./Drivers/STM32F1xx_HAL_Driver/Src/stm32f1xx_hal_i2c.o
                0x0000000008002cf0                HAL_I2C_Init
 .text.HAL_I2C_Master_Transmit
                0x0000000008002f78      0x1fc ./Drivers/STM32F1xx_HAL_Driver/Src/stm32f1xx_hal_i2c.o
                0x0000000008002f78                HAL_I2C_Master_Transmit
 .text.HAL_I2C_Master_Receive
                0x0000000008003174      0x4c0 ./Drivers/STM32F1xx_HAL_Driver/Src/stm32f1xx_hal_i2c.o
                0x0000000008003174                HAL_I2C_Master_Receive
 .text.I2C_MasterRequestWrite
                0x0000000008003634      0x104 ./Drivers/STM32F1xx_HAL_Driver/Src/stm32f1xx_hal_i2c.o
 .text.I2C_MasterRequestRead
                0x0000000008003738      0x19c ./Drivers/STM32F1xx_HAL_Driver/Src/stm32f1xx_hal_i2c.o
 .text.I2C_WaitOnFlagUntilTimeout
                0x00000000080038d4       0xae ./Drivers/STM32F1xx_HAL_Driver/Src/stm32f1xx_hal_i2c.o
 .text.I2C_WaitOnMasterAddressFlagUntilTimeout
                0x0000000008003982       0xfe ./Drivers/STM32F1xx_HAL_Driver/Src/stm32f1xx_hal_i2c.o
 .text.I2C_WaitOnTXEFlagUntilTimeout
                0x0000000008003a80       0x82 ./Drivers/STM32F1xx_HAL_Driver/Src/stm32f1xx_hal_i2c.o
 .text.I2C_WaitOnBTFFlagUntilTimeout
                0x0000000008003b02       0x82 ./Drivers/STM32F1xx_HAL_Driver/Src/stm32f1xx_hal_i2c.o
 .text.I2C_WaitOnRXNEFlagUntilTimeout
                0x0000000008003b84       0xac ./Drivers/STM32F1xx_HAL_Driver/Src/stm32f1xx_hal_i2c.o
 .text.I2C_IsAcknowledgeFailed
                0x0000000008003c30       0x5c ./Drivers/STM32F1xx_HAL_Driver/Src/stm32f1xx_hal_i2c.o
 .text.HAL_RCC_OscConfig
                0x0000000008003c8c      0x504 ./Drivers/STM32F1xx_HAL_Driver/Src/stm32f1xx_hal_rcc.o
                0x0000000008003c8c                HAL_RCC_OscConfig
 .text.HAL_RCC_ClockConfig
                0x0000000008004190      0x1d4 ./Drivers/STM32F1xx_HAL_Driver/Src/stm32f1xx_hal_rcc.o
                0x0000000008004190                HAL_RCC_ClockConfig
 .text.HAL_RCC_GetSysClockFreq
                0x0000000008004364       0xbc ./Drivers/STM32F1xx_HAL_Driver/Src/stm32f1xx_hal_rcc.o
                0x0000000008004364                HAL_RCC_GetSysClockFreq
 .text.HAL_RCC_GetHCLKFreq
                0x0000000008004420       0x14 ./Drivers/STM32F1xx_HAL_Driver/Src/stm32f1xx_hal_rcc.o
                0x0000000008004420                HAL_RCC_GetHCLKFreq
 .text.HAL_RCC_GetPCLK1Freq
                0x0000000008004434       0x28 ./Drivers/STM32F1xx_HAL_Driver/Src/stm32f1xx_hal_rcc.o
                0x0000000008004434                HAL_RCC_GetPCLK1Freq
 .text.HAL_RCC_GetPCLK2Freq
                0x000000000800445c       0x28 ./Drivers/STM32F1xx_HAL_Driver/Src/stm32f1xx_hal_rcc.o
                0x000000000800445c                HAL_RCC_GetPCLK2Freq
 .text.RCC_Delay
                0x0000000008004484       0x3c ./Drivers/STM32F1xx_HAL_Driver/Src/stm32f1xx_hal_rcc.o
 .text.HAL_SPI_Init
                0x00000000080044c0      0x108 ./Drivers/STM32F1xx_HAL_Driver/Src/stm32f1xx_hal_spi.o
                0x00000000080044c0                HAL_SPI_Init
 .text.HAL_SPI_Transmit
                0x00000000080045c8      0x278 ./Drivers/STM32F1xx_HAL_Driver/Src/stm32f1xx_hal_spi.o
                0x00000000080045c8                HAL_SPI_Transmit
 .text.SPI_WaitFlagStateUntilTimeout
                0x0000000008004840      0x110 ./Drivers/STM32F1xx_HAL_Driver/Src/stm32f1xx_hal_spi.o
 .text.SPI_EndRxTxTransaction
                0x0000000008004950       0x3c ./Drivers/STM32F1xx_HAL_Driver/Src/stm32f1xx_hal_spi.o
 .text.HAL_UART_Init
                0x000000000800498c       0x9a ./Drivers/STM32F1xx_HAL_Driver/Src/stm32f1xx_hal_uart.o
                0x000000000800498c                HAL_UART_Init
 .text.HAL_UART_Transmit
                0x0000000008004a26      0x124 ./Drivers/STM32F1xx_HAL_Driver/Src/stm32f1xx_hal_uart.o
                0x0000000008004a26                HAL_UART_Transmit
 .text.HAL_UART_Receive_IT
                0x0000000008004b4a       0x60 ./Drivers/STM32F1xx_HAL_Driver/Src/stm32f1xx_hal_uart.o
                0x0000000008004b4a                HAL_UART_Receive_IT
 *fill*         0x0000000008004baa        0x2 
 .text.HAL_UART_IRQHandler
                0x0000000008004bac      0x354 ./Drivers/STM32F1xx_HAL_Driver/Src/stm32f1xx_hal_uart.o
                0x0000000008004bac                HAL_UART_IRQHandler
 .text.HAL_UART_TxCpltCallback
                0x0000000008004f00       0x12 ./Drivers/STM32F1xx_HAL_Driver/Src/stm32f1xx_hal_uart.o
                0x0000000008004f00                HAL_UART_TxCpltCallback
 .text.HAL_UART_ErrorCallback
                0x0000000008004f12       0x12 ./Drivers/STM32F1xx_HAL_Driver/Src/stm32f1xx_hal_uart.o
                0x0000000008004f12                HAL_UART_ErrorCallback
 .text.HAL_UARTEx_RxEventCallback
                0x0000000008004f24       0x16 ./Drivers/STM32F1xx_HAL_Driver/Src/stm32f1xx_hal_uart.o
                0x0000000008004f24                HAL_UARTEx_RxEventCallback
 .text.UART_WaitOnFlagUntilTimeout
                0x0000000008004f3a       0x94 ./Drivers/STM32F1xx_HAL_Driver/Src/stm32f1xx_hal_uart.o
 .text.UART_Start_Receive_IT
                0x0000000008004fce       0x72 ./Drivers/STM32F1xx_HAL_Driver/Src/stm32f1xx_hal_uart.o
                0x0000000008004fce                UART_Start_Receive_IT
 .text.UART_EndRxTransfer
                0x0000000008005040       0x58 ./Drivers/STM32F1xx_HAL_Driver/Src/stm32f1xx_hal_uart.o
 .text.UART_DMAAbortOnError
                0x0000000008005098       0x28 ./Drivers/STM32F1xx_HAL_Driver/Src/stm32f1xx_hal_uart.o
 .text.UART_Transmit_IT
                0x00000000080050c0       0x9e ./Drivers/STM32F1xx_HAL_Driver/Src/stm32f1xx_hal_uart.o
 .text.UART_EndTransmit_IT
                0x000000000800515e       0x30 ./Drivers/STM32F1xx_HAL_Driver/Src/stm32f1xx_hal_uart.o
 .text.UART_Receive_IT
                0x000000000800518e      0x152 ./Drivers/STM32F1xx_HAL_Driver/Src/stm32f1xx_hal_uart.o
 .text.UART_SetConfig
                0x00000000080052e0      0x11c ./Drivers/STM32F1xx_HAL_Driver/Src/stm32f1xx_hal_uart.o
 .text.DWT_Delay_Init
                0x00000000080053fc       0x60 ./libs/DHT.o
                0x00000000080053fc                DWT_Delay_Init
 .text.delay    0x000000000800545c       0x48 ./libs/DHT.o
                0x000000000800545c                delay
 .text.Set_Pin_Output
                0x00000000080054a4       0x3a ./libs/DHT.o
                0x00000000080054a4                Set_Pin_Output
 .text.Set_Pin_Input
                0x00000000080054de       0x3a ./libs/DHT.o
                0x00000000080054de                Set_Pin_Input
 .text.DHT_Start
                0x0000000008005518       0x4c ./libs/DHT.o
                0x0000000008005518                DHT_Start
 .text.DHT_Check_Response
                0x0000000008005564       0x7c ./libs/DHT.o
                0x0000000008005564                DHT_Check_Response
 .text.DHT_Read
                0x00000000080055e0       0xc4 ./libs/DHT.o
                0x00000000080055e0                DHT_Read
 .text.DHT_GetData
                0x00000000080056a4       0xf8 ./libs/DHT.o
                0x00000000080056a4                DHT_GetData
 .text.spi_write
                0x000000000800579c       0x24 ./libs/ILI9225.o
                0x000000000800579c                spi_write
 .text.lcd_write_data
                0x00000000080057c0       0x3c ./libs/ILI9225.o
                0x00000000080057c0                lcd_write_data
 .text.lcd_write_command
                0x00000000080057fc       0x3c ./libs/ILI9225.o
                0x00000000080057fc                lcd_write_command
 .text.lcd_write_register
                0x0000000008005838       0x3e ./libs/ILI9225.o
                0x0000000008005838                lcd_write_register
 .text.swap_char
                0x0000000008005876       0x28 ./libs/ILI9225.o
                0x0000000008005876                swap_char
 *fill*         0x000000000800589e        0x2 
 .text.delay_ms
                0x00000000080058a0       0x6c ./libs/ILI9225.o
                0x00000000080058a0                delay_ms
 .text.lcd_init
                0x000000000800590c       0x60 ./libs/ILI9225.o
                0x000000000800590c                lcd_init
 .text.lcd_init_command_list
                0x000000000800596c      0x1bc ./libs/ILI9225.o
                0x000000000800596c                lcd_init_command_list
 .text.draw_pixel
                0x0000000008005b28       0x5a ./libs/ILI9225.o
                0x0000000008005b28                draw_pixel
 *fill*         0x0000000008005b82        0x2 
 .text.fill_rectangle
                0x0000000008005b84       0xd4 ./libs/ILI9225.o
                0x0000000008005b84                fill_rectangle
 .text.set_draw_window
                0x0000000008005c58       0x96 ./libs/ILI9225.o
                0x0000000008005c58                set_draw_window
 *fill*         0x0000000008005cee        0x2 
 .text.draw_char
                0x0000000008005cf0      0x118 ./libs/ILI9225.o
                0x0000000008005cf0                draw_char
 .text.draw_string
                0x0000000008005e08       0x68 ./libs/ILI9225.o
                0x0000000008005e08                draw_string
 .text.draw_pic_8bit
                0x0000000008005e70      0x110 ./libs/ILI9225.o
                0x0000000008005e70                draw_pic_8bit
 .text.draw_pic_16bit
                0x0000000008005f80      0x10c ./libs/ILI9225.o
                0x0000000008005f80                draw_pic_16bit
 .text.Demical2BCD
                0x000000000800608c       0x48 ./libs/RTC.o
                0x000000000800608c                Demical2BCD
 .text.BCD2Demical
                0x00000000080060d4       0x30 ./libs/RTC.o
                0x00000000080060d4                BCD2Demical
 .text.RTC_WriteTime
                0x0000000008006104       0x8c ./libs/RTC.o
                0x0000000008006104                RTC_WriteTime
 .text.RTC_ReadTime
                0x0000000008006190       0xac ./libs/RTC.o
                0x0000000008006190                RTC_ReadTime
 .text.__cvt    0x000000000800623c       0xbe D:/ST/STM32CubeIDE_1.13.2/STM32CubeIDE/plugins/com.st.stm32cube.ide.mcu.externaltools.gnu-tools-for-stm32.11.3.rel1.win32_1.1.1.202309131626/tools/bin/../lib/gcc/arm-none-eabi/11.3.1/../../../../arm-none-eabi/lib/thumb/v7-m/nofp\libc_nano.a(libc_a-nano-vfprintf_float.o)
                0x000000000800623c                __cvt
 .text.__exponent
                0x00000000080062fa       0x7a D:/ST/STM32CubeIDE_1.13.2/STM32CubeIDE/plugins/com.st.stm32cube.ide.mcu.externaltools.gnu-tools-for-stm32.11.3.rel1.win32_1.1.1.202309131626/tools/bin/../lib/gcc/arm-none-eabi/11.3.1/../../../../arm-none-eabi/lib/thumb/v7-m/nofp\libc_nano.a(libc_a-nano-vfprintf_float.o)
                0x00000000080062fa                __exponent
 .text._printf_float
                0x0000000008006374      0x45c D:/ST/STM32CubeIDE_1.13.2/STM32CubeIDE/plugins/com.st.stm32cube.ide.mcu.externaltools.gnu-tools-for-stm32.11.3.rel1.win32_1.1.1.202309131626/tools/bin/../lib/gcc/arm-none-eabi/11.3.1/../../../../arm-none-eabi/lib/thumb/v7-m/nofp\libc_nano.a(libc_a-nano-vfprintf_float.o)
                0x0000000008006374                _printf_float
 .text._printf_common
                0x00000000080067d0       0xe4 D:/ST/STM32CubeIDE_1.13.2/STM32CubeIDE/plugins/com.st.stm32cube.ide.mcu.externaltools.gnu-tools-for-stm32.11.3.rel1.win32_1.1.1.202309131626/tools/bin/../lib/gcc/arm-none-eabi/11.3.1/../../../../arm-none-eabi/lib/thumb/v7-m/nofp\libc_nano.a(libc_a-nano-vfprintf_i.o)
                0x00000000080067d0                _printf_common
 .text._printf_i
                0x00000000080068b4      0x244 D:/ST/STM32CubeIDE_1.13.2/STM32CubeIDE/plugins/com.st.stm32cube.ide.mcu.externaltools.gnu-tools-for-stm32.11.3.rel1.win32_1.1.1.202309131626/tools/bin/../lib/gcc/arm-none-eabi/11.3.1/../../../../arm-none-eabi/lib/thumb/v7-m/nofp\libc_nano.a(libc_a-nano-vfprintf_i.o)
                0x00000000080068b4                _printf_i
 .text.std      0x0000000008006af8       0x6c D:/ST/STM32CubeIDE_1.13.2/STM32CubeIDE/plugins/com.st.stm32cube.ide.mcu.externaltools.gnu-tools-for-stm32.11.3.rel1.win32_1.1.1.202309131626/tools/bin/../lib/gcc/arm-none-eabi/11.3.1/../../../../arm-none-eabi/lib/thumb/v7-m/nofp\libc_nano.a(libc_a-findfp.o)
 .text.stdio_exit_handler
                0x0000000008006b64       0x18 D:/ST/STM32CubeIDE_1.13.2/STM32CubeIDE/plugins/com.st.stm32cube.ide.mcu.externaltools.gnu-tools-for-stm32.11.3.rel1.win32_1.1.1.202309131626/tools/bin/../lib/gcc/arm-none-eabi/11.3.1/../../../../arm-none-eabi/lib/thumb/v7-m/nofp\libc_nano.a(libc_a-findfp.o)
 .text.cleanup_stdio
                0x0000000008006b7c       0x40 D:/ST/STM32CubeIDE_1.13.2/STM32CubeIDE/plugins/com.st.stm32cube.ide.mcu.externaltools.gnu-tools-for-stm32.11.3.rel1.win32_1.1.1.202309131626/tools/bin/../lib/gcc/arm-none-eabi/11.3.1/../../../../arm-none-eabi/lib/thumb/v7-m/nofp\libc_nano.a(libc_a-findfp.o)
 .text.global_stdio_init.part.0
                0x0000000008006bbc       0x3c D:/ST/STM32CubeIDE_1.13.2/STM32CubeIDE/plugins/com.st.stm32cube.ide.mcu.externaltools.gnu-tools-for-stm32.11.3.rel1.win32_1.1.1.202309131626/tools/bin/../lib/gcc/arm-none-eabi/11.3.1/../../../../arm-none-eabi/lib/thumb/v7-m/nofp\libc_nano.a(libc_a-findfp.o)
 .text.__sfp_lock_acquire
                0x0000000008006bf8        0xc D:/ST/STM32CubeIDE_1.13.2/STM32CubeIDE/plugins/com.st.stm32cube.ide.mcu.externaltools.gnu-tools-for-stm32.11.3.rel1.win32_1.1.1.202309131626/tools/bin/../lib/gcc/arm-none-eabi/11.3.1/../../../../arm-none-eabi/lib/thumb/v7-m/nofp\libc_nano.a(libc_a-findfp.o)
                0x0000000008006bf8                __sfp_lock_acquire
 .text.__sfp_lock_release
                0x0000000008006c04        0xc D:/ST/STM32CubeIDE_1.13.2/STM32CubeIDE/plugins/com.st.stm32cube.ide.mcu.externaltools.gnu-tools-for-stm32.11.3.rel1.win32_1.1.1.202309131626/tools/bin/../lib/gcc/arm-none-eabi/11.3.1/../../../../arm-none-eabi/lib/thumb/v7-m/nofp\libc_nano.a(libc_a-findfp.o)
                0x0000000008006c04                __sfp_lock_release
 .text.__sinit  0x0000000008006c10       0x30 D:/ST/STM32CubeIDE_1.13.2/STM32CubeIDE/plugins/com.st.stm32cube.ide.mcu.externaltools.gnu-tools-for-stm32.11.3.rel1.win32_1.1.1.202309131626/tools/bin/../lib/gcc/arm-none-eabi/11.3.1/../../../../arm-none-eabi/lib/thumb/v7-m/nofp\libc_nano.a(libc_a-findfp.o)
                0x0000000008006c10                __sinit
 .text._fwalk_sglue
                0x0000000008006c40       0x3c D:/ST/STM32CubeIDE_1.13.2/STM32CubeIDE/plugins/com.st.stm32cube.ide.mcu.externaltools.gnu-tools-for-stm32.11.3.rel1.win32_1.1.1.202309131626/tools/bin/../lib/gcc/arm-none-eabi/11.3.1/../../../../arm-none-eabi/lib/thumb/v7-m/nofp\libc_nano.a(libc_a-fwalk.o)
                0x0000000008006c40                _fwalk_sglue
 .text.snprintf
                0x0000000008006c7c       0x68 D:/ST/STM32CubeIDE_1.13.2/STM32CubeIDE/plugins/com.st.stm32cube.ide.mcu.externaltools.gnu-tools-for-stm32.11.3.rel1.win32_1.1.1.202309131626/tools/bin/../lib/gcc/arm-none-eabi/11.3.1/../../../../arm-none-eabi/lib/thumb/v7-m/nofp\libc_nano.a(libc_a-snprintf.o)
                0x0000000008006c7c                sniprintf
                0x0000000008006c7c                snprintf
 .text.sprintf  0x0000000008006ce4       0x40 D:/ST/STM32CubeIDE_1.13.2/STM32CubeIDE/plugins/com.st.stm32cube.ide.mcu.externaltools.gnu-tools-for-stm32.11.3.rel1.win32_1.1.1.202309131626/tools/bin/../lib/gcc/arm-none-eabi/11.3.1/../../../../arm-none-eabi/lib/thumb/v7-m/nofp\libc_nano.a(libc_a-sprintf.o)
                0x0000000008006ce4                siprintf
                0x0000000008006ce4                sprintf
 .text.__sread  0x0000000008006d24       0x22 D:/ST/STM32CubeIDE_1.13.2/STM32CubeIDE/plugins/com.st.stm32cube.ide.mcu.externaltools.gnu-tools-for-stm32.11.3.rel1.win32_1.1.1.202309131626/tools/bin/../lib/gcc/arm-none-eabi/11.3.1/../../../../arm-none-eabi/lib/thumb/v7-m/nofp\libc_nano.a(libc_a-stdio.o)
                0x0000000008006d24                __sread
 .text.__swrite
                0x0000000008006d46       0x38 D:/ST/STM32CubeIDE_1.13.2/STM32CubeIDE/plugins/com.st.stm32cube.ide.mcu.externaltools.gnu-tools-for-stm32.11.3.rel1.win32_1.1.1.202309131626/tools/bin/../lib/gcc/arm-none-eabi/11.3.1/../../../../arm-none-eabi/lib/thumb/v7-m/nofp\libc_nano.a(libc_a-stdio.o)
                0x0000000008006d46                __swrite
 .text.__sseek  0x0000000008006d7e       0x24 D:/ST/STM32CubeIDE_1.13.2/STM32CubeIDE/plugins/com.st.stm32cube.ide.mcu.externaltools.gnu-tools-for-stm32.11.3.rel1.win32_1.1.1.202309131626/tools/bin/../lib/gcc/arm-none-eabi/11.3.1/../../../../arm-none-eabi/lib/thumb/v7-m/nofp\libc_nano.a(libc_a-stdio.o)
                0x0000000008006d7e                __sseek
 .text.__sclose
                0x0000000008006da2        0x8 D:/ST/STM32CubeIDE_1.13.2/STM32CubeIDE/plugins/com.st.stm32cube.ide.mcu.externaltools.gnu-tools-for-stm32.11.3.rel1.win32_1.1.1.202309131626/tools/bin/../lib/gcc/arm-none-eabi/11.3.1/../../../../arm-none-eabi/lib/thumb/v7-m/nofp\libc_nano.a(libc_a-stdio.o)
                0x0000000008006da2                __sclose
 .text.memset   0x0000000008006daa       0x10 D:/ST/STM32CubeIDE_1.13.2/STM32CubeIDE/plugins/com.st.stm32cube.ide.mcu.externaltools.gnu-tools-for-stm32.11.3.rel1.win32_1.1.1.202309131626/tools/bin/../lib/gcc/arm-none-eabi/11.3.1/../../../../arm-none-eabi/lib/thumb/v7-m/nofp\libc_nano.a(libc_a-memset.o)
                0x0000000008006daa                memset
 .text.strchr   0x0000000008006dba       0x1a D:/ST/STM32CubeIDE_1.13.2/STM32CubeIDE/plugins/com.st.stm32cube.ide.mcu.externaltools.gnu-tools-for-stm32.11.3.rel1.win32_1.1.1.202309131626/tools/bin/../lib/gcc/arm-none-eabi/11.3.1/../../../../arm-none-eabi/lib/thumb/v7-m/nofp\libc_nano.a(libc_a-strchr.o)
                0x0000000008006dba                strchr
 .text.strtok   0x0000000008006dd4       0x68 D:/ST/STM32CubeIDE_1.13.2/STM32CubeIDE/plugins/com.st.stm32cube.ide.mcu.externaltools.gnu-tools-for-stm32.11.3.rel1.win32_1.1.1.202309131626/tools/bin/../lib/gcc/arm-none-eabi/11.3.1/../../../../arm-none-eabi/lib/thumb/v7-m/nofp\libc_nano.a(libc_a-strtok.o)
                0x0000000008006dd4                strtok
 .text.__strtok_r
                0x0000000008006e3c       0x50 D:/ST/STM32CubeIDE_1.13.2/STM32CubeIDE/plugins/com.st.stm32cube.ide.mcu.externaltools.gnu-tools-for-stm32.11.3.rel1.win32_1.1.1.202309131626/tools/bin/../lib/gcc/arm-none-eabi/11.3.1/../../../../arm-none-eabi/lib/thumb/v7-m/nofp\libc_nano.a(libc_a-strtok_r.o)
                0x0000000008006e3c                __strtok_r
 .text.strstr   0x0000000008006e8c       0x2c D:/ST/STM32CubeIDE_1.13.2/STM32CubeIDE/plugins/com.st.stm32cube.ide.mcu.externaltools.gnu-tools-for-stm32.11.3.rel1.win32_1.1.1.202309131626/tools/bin/../lib/gcc/arm-none-eabi/11.3.1/../../../../arm-none-eabi/lib/thumb/v7-m/nofp\libc_nano.a(libc_a-strstr.o)
                0x0000000008006e8c                strstr
 .text._localeconv_r
                0x0000000008006eb8        0x8 D:/ST/STM32CubeIDE_1.13.2/STM32CubeIDE/plugins/com.st.stm32cube.ide.mcu.externaltools.gnu-tools-for-stm32.11.3.rel1.win32_1.1.1.202309131626/tools/bin/../lib/gcc/arm-none-eabi/11.3.1/../../../../arm-none-eabi/lib/thumb/v7-m/nofp\libc_nano.a(libc_a-localeconv.o)
                0x0000000008006eb8                _localeconv_r
 .text._close_r
                0x0000000008006ec0       0x20 D:/ST/STM32CubeIDE_1.13.2/STM32CubeIDE/plugins/com.st.stm32cube.ide.mcu.externaltools.gnu-tools-for-stm32.11.3.rel1.win32_1.1.1.202309131626/tools/bin/../lib/gcc/arm-none-eabi/11.3.1/../../../../arm-none-eabi/lib/thumb/v7-m/nofp\libc_nano.a(libc_a-closer.o)
                0x0000000008006ec0                _close_r
 .text._lseek_r
                0x0000000008006ee0       0x24 D:/ST/STM32CubeIDE_1.13.2/STM32CubeIDE/plugins/com.st.stm32cube.ide.mcu.externaltools.gnu-tools-for-stm32.11.3.rel1.win32_1.1.1.202309131626/tools/bin/../lib/gcc/arm-none-eabi/11.3.1/../../../../arm-none-eabi/lib/thumb/v7-m/nofp\libc_nano.a(libc_a-lseekr.o)
                0x0000000008006ee0                _lseek_r
 .text._read_r  0x0000000008006f04       0x24 D:/ST/STM32CubeIDE_1.13.2/STM32CubeIDE/plugins/com.st.stm32cube.ide.mcu.externaltools.gnu-tools-for-stm32.11.3.rel1.win32_1.1.1.202309131626/tools/bin/../lib/gcc/arm-none-eabi/11.3.1/../../../../arm-none-eabi/lib/thumb/v7-m/nofp\libc_nano.a(libc_a-readr.o)
                0x0000000008006f04                _read_r
 .text._write_r
                0x0000000008006f28       0x24 D:/ST/STM32CubeIDE_1.13.2/STM32CubeIDE/plugins/com.st.stm32cube.ide.mcu.externaltools.gnu-tools-for-stm32.11.3.rel1.win32_1.1.1.202309131626/tools/bin/../lib/gcc/arm-none-eabi/11.3.1/../../../../arm-none-eabi/lib/thumb/v7-m/nofp\libc_nano.a(libc_a-writer.o)
                0x0000000008006f28                _write_r
 .text.__errno  0x0000000008006f4c        0xc D:/ST/STM32CubeIDE_1.13.2/STM32CubeIDE/plugins/com.st.stm32cube.ide.mcu.externaltools.gnu-tools-for-stm32.11.3.rel1.win32_1.1.1.202309131626/tools/bin/../lib/gcc/arm-none-eabi/11.3.1/../../../../arm-none-eabi/lib/thumb/v7-m/nofp\libc_nano.a(libc_a-errno.o)
                0x0000000008006f4c                __errno
 .text.__libc_init_array
                0x0000000008006f58       0x48 D:/ST/STM32CubeIDE_1.13.2/STM32CubeIDE/plugins/com.st.stm32cube.ide.mcu.externaltools.gnu-tools-for-stm32.11.3.rel1.win32_1.1.1.202309131626/tools/bin/../lib/gcc/arm-none-eabi/11.3.1/../../../../arm-none-eabi/lib/thumb/v7-m/nofp\libc_nano.a(libc_a-init.o)
                0x0000000008006f58                __libc_init_array
 .text.__retarget_lock_init_recursive
                0x0000000008006fa0        0x2 D:/ST/STM32CubeIDE_1.13.2/STM32CubeIDE/plugins/com.st.stm32cube.ide.mcu.externaltools.gnu-tools-for-stm32.11.3.rel1.win32_1.1.1.202309131626/tools/bin/../lib/gcc/arm-none-eabi/11.3.1/../../../../arm-none-eabi/lib/thumb/v7-m/nofp\libc_nano.a(libc_a-lock.o)
                0x0000000008006fa0                __retarget_lock_init_recursive
 .text.__retarget_lock_acquire_recursive
                0x0000000008006fa2        0x2 D:/ST/STM32CubeIDE_1.13.2/STM32CubeIDE/plugins/com.st.stm32cube.ide.mcu.externaltools.gnu-tools-for-stm32.11.3.rel1.win32_1.1.1.202309131626/tools/bin/../lib/gcc/arm-none-eabi/11.3.1/../../../../arm-none-eabi/lib/thumb/v7-m/nofp\libc_nano.a(libc_a-lock.o)
                0x0000000008006fa2                __retarget_lock_acquire_recursive
 .text.__retarget_lock_release_recursive
                0x0000000008006fa4        0x2 D:/ST/STM32CubeIDE_1.13.2/STM32CubeIDE/plugins/com.st.stm32cube.ide.mcu.externaltools.gnu-tools-for-stm32.11.3.rel1.win32_1.1.1.202309131626/tools/bin/../lib/gcc/arm-none-eabi/11.3.1/../../../../arm-none-eabi/lib/thumb/v7-m/nofp\libc_nano.a(libc_a-lock.o)
                0x0000000008006fa4                __retarget_lock_release_recursive
 .text.memchr   0x0000000008006fa6       0x1c D:/ST/STM32CubeIDE_1.13.2/STM32CubeIDE/plugins/com.st.stm32cube.ide.mcu.externaltools.gnu-tools-for-stm32.11.3.rel1.win32_1.1.1.202309131626/tools/bin/../lib/gcc/arm-none-eabi/11.3.1/../../../../arm-none-eabi/lib/thumb/v7-m/nofp\libc_nano.a(libc_a-memchr-stub.o)
                0x0000000008006fa6                memchr
 *fill*         0x0000000008006fc2        0x2 
 .text.__assert_func
                0x0000000008006fc4       0x3c D:/ST/STM32CubeIDE_1.13.2/STM32CubeIDE/plugins/com.st.stm32cube.ide.mcu.externaltools.gnu-tools-for-stm32.11.3.rel1.win32_1.1.1.202309131626/tools/bin/../lib/gcc/arm-none-eabi/11.3.1/../../../../arm-none-eabi/lib/thumb/v7-m/nofp\libc_nano.a(libc_a-assert.o)
                0x0000000008006fc4                __assert_func
 .text.quorem   0x0000000008007000      0x112 D:/ST/STM32CubeIDE_1.13.2/STM32CubeIDE/plugins/com.st.stm32cube.ide.mcu.externaltools.gnu-tools-for-stm32.11.3.rel1.win32_1.1.1.202309131626/tools/bin/../lib/gcc/arm-none-eabi/11.3.1/../../../../arm-none-eabi/lib/thumb/v7-m/nofp\libc_nano.a(libc_a-dtoa.o)
 *fill*         0x0000000008007112        0x6 
 .text._dtoa_r  0x0000000008007118      0xbc8 D:/ST/STM32CubeIDE_1.13.2/STM32CubeIDE/plugins/com.st.stm32cube.ide.mcu.externaltools.gnu-tools-for-stm32.11.3.rel1.win32_1.1.1.202309131626/tools/bin/../lib/gcc/arm-none-eabi/11.3.1/../../../../arm-none-eabi/lib/thumb/v7-m/nofp\libc_nano.a(libc_a-dtoa.o)
                0x0000000008007118                _dtoa_r
 .text._free_r  0x0000000008007ce0       0x90 D:/ST/STM32CubeIDE_1.13.2/STM32CubeIDE/plugins/com.st.stm32cube.ide.mcu.externaltools.gnu-tools-for-stm32.11.3.rel1.win32_1.1.1.202309131626/tools/bin/../lib/gcc/arm-none-eabi/11.3.1/../../../../arm-none-eabi/lib/thumb/v7-m/nofp\libc_nano.a(libc_a-freer.o)
                0x0000000008007ce0                _free_r
 .text.malloc   0x0000000008007d70       0x10 D:/ST/STM32CubeIDE_1.13.2/STM32CubeIDE/plugins/com.st.stm32cube.ide.mcu.externaltools.gnu-tools-for-stm32.11.3.rel1.win32_1.1.1.202309131626/tools/bin/../lib/gcc/arm-none-eabi/11.3.1/../../../../arm-none-eabi/lib/thumb/v7-m/nofp\libc_nano.a(libc_a-malloc.o)
                0x0000000008007d70                malloc
 .text.sbrk_aligned
                0x0000000008007d80       0x40 D:/ST/STM32CubeIDE_1.13.2/STM32CubeIDE/plugins/com.st.stm32cube.ide.mcu.externaltools.gnu-tools-for-stm32.11.3.rel1.win32_1.1.1.202309131626/tools/bin/../lib/gcc/arm-none-eabi/11.3.1/../../../../arm-none-eabi/lib/thumb/v7-m/nofp\libc_nano.a(libc_a-mallocr.o)
 .text._malloc_r
                0x0000000008007dc0      0x100 D:/ST/STM32CubeIDE_1.13.2/STM32CubeIDE/plugins/com.st.stm32cube.ide.mcu.externaltools.gnu-tools-for-stm32.11.3.rel1.win32_1.1.1.202309131626/tools/bin/../lib/gcc/arm-none-eabi/11.3.1/../../../../arm-none-eabi/lib/thumb/v7-m/nofp\libc_nano.a(libc_a-mallocr.o)
                0x0000000008007dc0                _malloc_r
 .text.__malloc_lock
                0x0000000008007ec0        0xc D:/ST/STM32CubeIDE_1.13.2/STM32CubeIDE/plugins/com.st.stm32cube.ide.mcu.externaltools.gnu-tools-for-stm32.11.3.rel1.win32_1.1.1.202309131626/tools/bin/../lib/gcc/arm-none-eabi/11.3.1/../../../../arm-none-eabi/lib/thumb/v7-m/nofp\libc_nano.a(libc_a-mlock.o)
                0x0000000008007ec0                __malloc_lock
 .text.__malloc_unlock
                0x0000000008007ecc        0xc D:/ST/STM32CubeIDE_1.13.2/STM32CubeIDE/plugins/com.st.stm32cube.ide.mcu.externaltools.gnu-tools-for-stm32.11.3.rel1.win32_1.1.1.202309131626/tools/bin/../lib/gcc/arm-none-eabi/11.3.1/../../../../arm-none-eabi/lib/thumb/v7-m/nofp\libc_nano.a(libc_a-mlock.o)
                0x0000000008007ecc                __malloc_unlock
 .text._Balloc  0x0000000008007ed8       0x80 D:/ST/STM32CubeIDE_1.13.2/STM32CubeIDE/plugins/com.st.stm32cube.ide.mcu.externaltools.gnu-tools-for-stm32.11.3.rel1.win32_1.1.1.202309131626/tools/bin/../lib/gcc/arm-none-eabi/11.3.1/../../../../arm-none-eabi/lib/thumb/v7-m/nofp\libc_nano.a(libc_a-mprec.o)
                0x0000000008007ed8                _Balloc
 .text._Bfree   0x0000000008007f58       0x44 D:/ST/STM32CubeIDE_1.13.2/STM32CubeIDE/plugins/com.st.stm32cube.ide.mcu.externaltools.gnu-tools-for-stm32.11.3.rel1.win32_1.1.1.202309131626/tools/bin/../lib/gcc/arm-none-eabi/11.3.1/../../../../arm-none-eabi/lib/thumb/v7-m/nofp\libc_nano.a(libc_a-mprec.o)
                0x0000000008007f58                _Bfree
 .text.__multadd
                0x0000000008007f9c       0x8c D:/ST/STM32CubeIDE_1.13.2/STM32CubeIDE/plugins/com.st.stm32cube.ide.mcu.externaltools.gnu-tools-for-stm32.11.3.rel1.win32_1.1.1.202309131626/tools/bin/../lib/gcc/arm-none-eabi/11.3.1/../../../../arm-none-eabi/lib/thumb/v7-m/nofp\libc_nano.a(libc_a-mprec.o)
                0x0000000008007f9c                __multadd
 .text.__hi0bits
                0x0000000008008028       0x40 D:/ST/STM32CubeIDE_1.13.2/STM32CubeIDE/plugins/com.st.stm32cube.ide.mcu.externaltools.gnu-tools-for-stm32.11.3.rel1.win32_1.1.1.202309131626/tools/bin/../lib/gcc/arm-none-eabi/11.3.1/../../../../arm-none-eabi/lib/thumb/v7-m/nofp\libc_nano.a(libc_a-mprec.o)
                0x0000000008008028                __hi0bits
 .text.__lo0bits
                0x0000000008008068       0x5a D:/ST/STM32CubeIDE_1.13.2/STM32CubeIDE/plugins/com.st.stm32cube.ide.mcu.externaltools.gnu-tools-for-stm32.11.3.rel1.win32_1.1.1.202309131626/tools/bin/../lib/gcc/arm-none-eabi/11.3.1/../../../../arm-none-eabi/lib/thumb/v7-m/nofp\libc_nano.a(libc_a-mprec.o)
                0x0000000008008068                __lo0bits
 *fill*         0x00000000080080c2        0x2 
 .text.__i2b    0x00000000080080c4       0x2c D:/ST/STM32CubeIDE_1.13.2/STM32CubeIDE/plugins/com.st.stm32cube.ide.mcu.externaltools.gnu-tools-for-stm32.11.3.rel1.win32_1.1.1.202309131626/tools/bin/../lib/gcc/arm-none-eabi/11.3.1/../../../../arm-none-eabi/lib/thumb/v7-m/nofp\libc_nano.a(libc_a-mprec.o)
                0x00000000080080c4                __i2b
 .text.__multiply
                0x00000000080080f0      0x150 D:/ST/STM32CubeIDE_1.13.2/STM32CubeIDE/plugins/com.st.stm32cube.ide.mcu.externaltools.gnu-tools-for-stm32.11.3.rel1.win32_1.1.1.202309131626/tools/bin/../lib/gcc/arm-none-eabi/11.3.1/../../../../arm-none-eabi/lib/thumb/v7-m/nofp\libc_nano.a(libc_a-mprec.o)
                0x00000000080080f0                __multiply
 .text.__pow5mult
                0x0000000008008240       0xb4 D:/ST/STM32CubeIDE_1.13.2/STM32CubeIDE/plugins/com.st.stm32cube.ide.mcu.externaltools.gnu-tools-for-stm32.11.3.rel1.win32_1.1.1.202309131626/tools/bin/../lib/gcc/arm-none-eabi/11.3.1/../../../../arm-none-eabi/lib/thumb/v7-m/nofp\libc_nano.a(libc_a-mprec.o)
                0x0000000008008240                __pow5mult
 .text.__lshift
                0x00000000080082f4       0xd8 D:/ST/STM32CubeIDE_1.13.2/STM32CubeIDE/plugins/com.st.stm32cube.ide.mcu.externaltools.gnu-tools-for-stm32.11.3.rel1.win32_1.1.1.202309131626/tools/bin/../lib/gcc/arm-none-eabi/11.3.1/../../../../arm-none-eabi/lib/thumb/v7-m/nofp\libc_nano.a(libc_a-mprec.o)
                0x00000000080082f4                __lshift
 .text.__mcmp   0x00000000080083cc       0x36 D:/ST/STM32CubeIDE_1.13.2/STM32CubeIDE/plugins/com.st.stm32cube.ide.mcu.externaltools.gnu-tools-for-stm32.11.3.rel1.win32_1.1.1.202309131626/tools/bin/../lib/gcc/arm-none-eabi/11.3.1/../../../../arm-none-eabi/lib/thumb/v7-m/nofp\libc_nano.a(libc_a-mprec.o)
                0x00000000080083cc                __mcmp
 *fill*         0x0000000008008402        0x2 
 .text.__mdiff  0x0000000008008404      0x118 D:/ST/STM32CubeIDE_1.13.2/STM32CubeIDE/plugins/com.st.stm32cube.ide.mcu.externaltools.gnu-tools-for-stm32.11.3.rel1.win32_1.1.1.202309131626/tools/bin/../lib/gcc/arm-none-eabi/11.3.1/../../../../arm-none-eabi/lib/thumb/v7-m/nofp\libc_nano.a(libc_a-mprec.o)
                0x0000000008008404                __mdiff
 .text.__d2b    0x000000000800851c       0xac D:/ST/STM32CubeIDE_1.13.2/STM32CubeIDE/plugins/com.st.stm32cube.ide.mcu.externaltools.gnu-tools-for-stm32.11.3.rel1.win32_1.1.1.202309131626/tools/bin/../lib/gcc/arm-none-eabi/11.3.1/../../../../arm-none-eabi/lib/thumb/v7-m/nofp\libc_nano.a(libc_a-mprec.o)
                0x000000000800851c                __d2b
 .text.__ssputs_r
                0x00000000080085c8       0xb4 D:/ST/STM32CubeIDE_1.13.2/STM32CubeIDE/plugins/com.st.stm32cube.ide.mcu.externaltools.gnu-tools-for-stm32.11.3.rel1.win32_1.1.1.202309131626/tools/bin/../lib/gcc/arm-none-eabi/11.3.1/../../../../arm-none-eabi/lib/thumb/v7-m/nofp\libc_nano.a(libc_a-nano-svfprintf.o)
                0x00000000080085c8                __ssputs_r
 .text._svfprintf_r
                0x000000000800867c      0x1fc D:/ST/STM32CubeIDE_1.13.2/STM32CubeIDE/plugins/com.st.stm32cube.ide.mcu.externaltools.gnu-tools-for-stm32.11.3.rel1.win32_1.1.1.202309131626/tools/bin/../lib/gcc/arm-none-eabi/11.3.1/../../../../arm-none-eabi/lib/thumb/v7-m/nofp\libc_nano.a(libc_a-nano-svfprintf.o)
                0x000000000800867c                _svfiprintf_r
                0x000000000800867c                _svfprintf_r
 .text.__sflush_r
                0x0000000008008878      0x104 D:/ST/STM32CubeIDE_1.13.2/STM32CubeIDE/plugins/com.st.stm32cube.ide.mcu.externaltools.gnu-tools-for-stm32.11.3.rel1.win32_1.1.1.202309131626/tools/bin/../lib/gcc/arm-none-eabi/11.3.1/../../../../arm-none-eabi/lib/thumb/v7-m/nofp\libc_nano.a(libc_a-fflush.o)
                0x0000000008008878                __sflush_r
 .text._fflush_r
                0x000000000800897c       0x50 D:/ST/STM32CubeIDE_1.13.2/STM32CubeIDE/plugins/com.st.stm32cube.ide.mcu.externaltools.gnu-tools-for-stm32.11.3.rel1.win32_1.1.1.202309131626/tools/bin/../lib/gcc/arm-none-eabi/11.3.1/../../../../arm-none-eabi/lib/thumb/v7-m/nofp\libc_nano.a(libc_a-fflush.o)
                0x000000000800897c                _fflush_r
 .text.fprintf  0x00000000080089cc       0x24 D:/ST/STM32CubeIDE_1.13.2/STM32CubeIDE/plugins/com.st.stm32cube.ide.mcu.externaltools.gnu-tools-for-stm32.11.3.rel1.win32_1.1.1.202309131626/tools/bin/../lib/gcc/arm-none-eabi/11.3.1/../../../../arm-none-eabi/lib/thumb/v7-m/nofp\libc_nano.a(libc_a-fprintf.o)
                0x00000000080089cc                fiprintf
                0x00000000080089cc                fprintf
 .text.memmove  0x00000000080089f0       0x34 D:/ST/STM32CubeIDE_1.13.2/STM32CubeIDE/plugins/com.st.stm32cube.ide.mcu.externaltools.gnu-tools-for-stm32.11.3.rel1.win32_1.1.1.202309131626/tools/bin/../lib/gcc/arm-none-eabi/11.3.1/../../../../arm-none-eabi/lib/thumb/v7-m/nofp\libc_nano.a(libc_a-memmove.o)
                0x00000000080089f0                memmove
 .text._sbrk_r  0x0000000008008a24       0x20 D:/ST/STM32CubeIDE_1.13.2/STM32CubeIDE/plugins/com.st.stm32cube.ide.mcu.externaltools.gnu-tools-for-stm32.11.3.rel1.win32_1.1.1.202309131626/tools/bin/../lib/gcc/arm-none-eabi/11.3.1/../../../../arm-none-eabi/lib/thumb/v7-m/nofp\libc_nano.a(libc_a-sbrkr.o)
                0x0000000008008a24                _sbrk_r
 .text.memcpy   0x0000000008008a44       0x1c D:/ST/STM32CubeIDE_1.13.2/STM32CubeIDE/plugins/com.st.stm32cube.ide.mcu.externaltools.gnu-tools-for-stm32.11.3.rel1.win32_1.1.1.202309131626/tools/bin/../lib/gcc/arm-none-eabi/11.3.1/../../../../arm-none-eabi/lib/thumb/v7-m/nofp\libc_nano.a(libc_a-memcpy-stub.o)
                0x0000000008008a44                memcpy
 .text.abort    0x0000000008008a60        0xe D:/ST/STM32CubeIDE_1.13.2/STM32CubeIDE/plugins/com.st.stm32cube.ide.mcu.externaltools.gnu-tools-for-stm32.11.3.rel1.win32_1.1.1.202309131626/tools/bin/../lib/gcc/arm-none-eabi/11.3.1/../../../../arm-none-eabi/lib/thumb/v7-m/nofp\libc_nano.a(libc_a-abort.o)
                0x0000000008008a60                abort
 .text._calloc_r
                0x0000000008008a6e       0x28 D:/ST/STM32CubeIDE_1.13.2/STM32CubeIDE/plugins/com.st.stm32cube.ide.mcu.externaltools.gnu-tools-for-stm32.11.3.rel1.win32_1.1.1.202309131626/tools/bin/../lib/gcc/arm-none-eabi/11.3.1/../../../../arm-none-eabi/lib/thumb/v7-m/nofp\libc_nano.a(libc_a-callocr.o)
                0x0000000008008a6e                _calloc_r
 .text.__ascii_mbtowc
                0x0000000008008a96       0x24 D:/ST/STM32CubeIDE_1.13.2/STM32CubeIDE/plugins/com.st.stm32cube.ide.mcu.externaltools.gnu-tools-for-stm32.11.3.rel1.win32_1.1.1.202309131626/tools/bin/../lib/gcc/arm-none-eabi/11.3.1/../../../../arm-none-eabi/lib/thumb/v7-m/nofp\libc_nano.a(libc_a-mbtowc_r.o)
                0x0000000008008a96                __ascii_mbtowc
 .text._realloc_r
                0x0000000008008aba       0x5e D:/ST/STM32CubeIDE_1.13.2/STM32CubeIDE/plugins/com.st.stm32cube.ide.mcu.externaltools.gnu-tools-for-stm32.11.3.rel1.win32_1.1.1.202309131626/tools/bin/../lib/gcc/arm-none-eabi/11.3.1/../../../../arm-none-eabi/lib/thumb/v7-m/nofp\libc_nano.a(libc_a-reallocr.o)
                0x0000000008008aba                _realloc_r
 .text.__ascii_wctomb
                0x0000000008008b18       0x1a D:/ST/STM32CubeIDE_1.13.2/STM32CubeIDE/plugins/com.st.stm32cube.ide.mcu.externaltools.gnu-tools-for-stm32.11.3.rel1.win32_1.1.1.202309131626/tools/bin/../lib/gcc/arm-none-eabi/11.3.1/../../../../arm-none-eabi/lib/thumb/v7-m/nofp\libc_nano.a(libc_a-wctomb_r.o)
                0x0000000008008b18                __ascii_wctomb
 .text.__sfputc_r
                0x0000000008008b32       0x2a D:/ST/STM32CubeIDE_1.13.2/STM32CubeIDE/plugins/com.st.stm32cube.ide.mcu.externaltools.gnu-tools-for-stm32.11.3.rel1.win32_1.1.1.202309131626/tools/bin/../lib/gcc/arm-none-eabi/11.3.1/../../../../arm-none-eabi/lib/thumb/v7-m/nofp\libc_nano.a(libc_a-nano-vfprintf.o)
 .text.__sfputs_r
                0x0000000008008b5c       0x24 D:/ST/STM32CubeIDE_1.13.2/STM32CubeIDE/plugins/com.st.stm32cube.ide.mcu.externaltools.gnu-tools-for-stm32.11.3.rel1.win32_1.1.1.202309131626/tools/bin/../lib/gcc/arm-none-eabi/11.3.1/../../../../arm-none-eabi/lib/thumb/v7-m/nofp\libc_nano.a(libc_a-nano-vfprintf.o)
                0x0000000008008b5c                __sfputs_r
 .text._vfprintf_r
                0x0000000008008b80      0x234 D:/ST/STM32CubeIDE_1.13.2/STM32CubeIDE/plugins/com.st.stm32cube.ide.mcu.externaltools.gnu-tools-for-stm32.11.3.rel1.win32_1.1.1.202309131626/tools/bin/../lib/gcc/arm-none-eabi/11.3.1/../../../../arm-none-eabi/lib/thumb/v7-m/nofp\libc_nano.a(libc_a-nano-vfprintf.o)
                0x0000000008008b80                _vfprintf_r
                0x0000000008008b80                _vfiprintf_r
 .text.__swbuf_r
                0x0000000008008db4       0x7a D:/ST/STM32CubeIDE_1.13.2/STM32CubeIDE/plugins/com.st.stm32cube.ide.mcu.externaltools.gnu-tools-for-stm32.11.3.rel1.win32_1.1.1.202309131626/tools/bin/../lib/gcc/arm-none-eabi/11.3.1/../../../../arm-none-eabi/lib/thumb/v7-m/nofp\libc_nano.a(libc_a-wbuf.o)
                0x0000000008008db4                __swbuf_r
 *fill*         0x0000000008008e2e        0x2 
 .text.__swsetup_r
                0x0000000008008e30       0xb0 D:/ST/STM32CubeIDE_1.13.2/STM32CubeIDE/plugins/com.st.stm32cube.ide.mcu.externaltools.gnu-tools-for-stm32.11.3.rel1.win32_1.1.1.202309131626/tools/bin/../lib/gcc/arm-none-eabi/11.3.1/../../../../arm-none-eabi/lib/thumb/v7-m/nofp\libc_nano.a(libc_a-wsetup.o)
                0x0000000008008e30                __swsetup_r
 .text._raise_r
                0x0000000008008ee0       0x50 D:/ST/STM32CubeIDE_1.13.2/STM32CubeIDE/plugins/com.st.stm32cube.ide.mcu.externaltools.gnu-tools-for-stm32.11.3.rel1.win32_1.1.1.202309131626/tools/bin/../lib/gcc/arm-none-eabi/11.3.1/../../../../arm-none-eabi/lib/thumb/v7-m/nofp\libc_nano.a(libc_a-signal.o)
                0x0000000008008ee0                _raise_r
 .text.raise    0x0000000008008f30       0x10 D:/ST/STM32CubeIDE_1.13.2/STM32CubeIDE/plugins/com.st.stm32cube.ide.mcu.externaltools.gnu-tools-for-stm32.11.3.rel1.win32_1.1.1.202309131626/tools/bin/../lib/gcc/arm-none-eabi/11.3.1/../../../../arm-none-eabi/lib/thumb/v7-m/nofp\libc_nano.a(libc_a-signal.o)
                0x0000000008008f30                raise
 .text._kill_r  0x0000000008008f40       0x24 D:/ST/STM32CubeIDE_1.13.2/STM32CubeIDE/plugins/com.st.stm32cube.ide.mcu.externaltools.gnu-tools-for-stm32.11.3.rel1.win32_1.1.1.202309131626/tools/bin/../lib/gcc/arm-none-eabi/11.3.1/../../../../arm-none-eabi/lib/thumb/v7-m/nofp\libc_nano.a(libc_a-signalr.o)
                0x0000000008008f40                _kill_r
 .text._getpid_r
                0x0000000008008f64        0x4 D:/ST/STM32CubeIDE_1.13.2/STM32CubeIDE/plugins/com.st.stm32cube.ide.mcu.externaltools.gnu-tools-for-stm32.11.3.rel1.win32_1.1.1.202309131626/tools/bin/../lib/gcc/arm-none-eabi/11.3.1/../../../../arm-none-eabi/lib/thumb/v7-m/nofp\libc_nano.a(libc_a-signalr.o)
                0x0000000008008f64                _getpid_r
 .text._malloc_usable_size_r
                0x0000000008008f68       0x10 D:/ST/STM32CubeIDE_1.13.2/STM32CubeIDE/plugins/com.st.stm32cube.ide.mcu.externaltools.gnu-tools-for-stm32.11.3.rel1.win32_1.1.1.202309131626/tools/bin/../lib/gcc/arm-none-eabi/11.3.1/../../../../arm-none-eabi/lib/thumb/v7-m/nofp\libc_nano.a(libc_a-msizer.o)
                0x0000000008008f68                _malloc_usable_size_r
 .text.__swhatbuf_r
                0x0000000008008f78       0x4a D:/ST/STM32CubeIDE_1.13.2/STM32CubeIDE/plugins/com.st.stm32cube.ide.mcu.externaltools.gnu-tools-for-stm32.11.3.rel1.win32_1.1.1.202309131626/tools/bin/../lib/gcc/arm-none-eabi/11.3.1/../../../../arm-none-eabi/lib/thumb/v7-m/nofp\libc_nano.a(libc_a-makebuf.o)
                0x0000000008008f78                __swhatbuf_r
 .text.__smakebuf_r
                0x0000000008008fc2       0x78 D:/ST/STM32CubeIDE_1.13.2/STM32CubeIDE/plugins/com.st.stm32cube.ide.mcu.externaltools.gnu-tools-for-stm32.11.3.rel1.win32_1.1.1.202309131626/tools/bin/../lib/gcc/arm-none-eabi/11.3.1/../../../../arm-none-eabi/lib/thumb/v7-m/nofp\libc_nano.a(libc_a-makebuf.o)
                0x0000000008008fc2                __smakebuf_r
 *fill*         0x000000000800903a        0x2 
 .text._fstat_r
                0x000000000800903c       0x24 D:/ST/STM32CubeIDE_1.13.2/STM32CubeIDE/plugins/com.st.stm32cube.ide.mcu.externaltools.gnu-tools-for-stm32.11.3.rel1.win32_1.1.1.202309131626/tools/bin/../lib/gcc/arm-none-eabi/11.3.1/../../../../arm-none-eabi/lib/thumb/v7-m/nofp\libc_nano.a(libc_a-fstatr.o)
                0x000000000800903c                _fstat_r
 .text._isatty_r
                0x0000000008009060       0x20 D:/ST/STM32CubeIDE_1.13.2/STM32CubeIDE/plugins/com.st.stm32cube.ide.mcu.externaltools.gnu-tools-for-stm32.11.3.rel1.win32_1.1.1.202309131626/tools/bin/../lib/gcc/arm-none-eabi/11.3.1/../../../../arm-none-eabi/lib/thumb/v7-m/nofp\libc_nano.a(libc_a-isattyr.o)
                0x0000000008009060                _isatty_r
 *(.glue_7)
 .glue_7        0x0000000008009080        0x0 linker stubs
 *(.glue_7t)
 .glue_7t       0x0000000008009080        0x0 linker stubs
 *(.eh_frame)
 .eh_frame      0x0000000008009080        0x0 D:/ST/STM32CubeIDE_1.13.2/STM32CubeIDE/plugins/com.st.stm32cube.ide.mcu.externaltools.gnu-tools-for-stm32.11.3.rel1.win32_1.1.1.202309131626/tools/bin/../lib/gcc/arm-none-eabi/11.3.1/thumb/v7-m/nofp/crtbegin.o
 *(.init)
 .init          0x0000000008009080        0x4 D:/ST/STM32CubeIDE_1.13.2/STM32CubeIDE/plugins/com.st.stm32cube.ide.mcu.externaltools.gnu-tools-for-stm32.11.3.rel1.win32_1.1.1.202309131626/tools/bin/../lib/gcc/arm-none-eabi/11.3.1/thumb/v7-m/nofp/crti.o
                0x0000000008009080                _init
 .init          0x0000000008009084        0x8 D:/ST/STM32CubeIDE_1.13.2/STM32CubeIDE/plugins/com.st.stm32cube.ide.mcu.externaltools.gnu-tools-for-stm32.11.3.rel1.win32_1.1.1.202309131626/tools/bin/../lib/gcc/arm-none-eabi/11.3.1/thumb/v7-m/nofp/crtn.o
 *(.fini)
 .fini          0x000000000800908c        0x4 D:/ST/STM32CubeIDE_1.13.2/STM32CubeIDE/plugins/com.st.stm32cube.ide.mcu.externaltools.gnu-tools-for-stm32.11.3.rel1.win32_1.1.1.202309131626/tools/bin/../lib/gcc/arm-none-eabi/11.3.1/thumb/v7-m/nofp/crti.o
                0x000000000800908c                _fini
 .fini          0x0000000008009090        0x8 D:/ST/STM32CubeIDE_1.13.2/STM32CubeIDE/plugins/com.st.stm32cube.ide.mcu.externaltools.gnu-tools-for-stm32.11.3.rel1.win32_1.1.1.202309131626/tools/bin/../lib/gcc/arm-none-eabi/11.3.1/thumb/v7-m/nofp/crtn.o
                0x0000000008009098                . = ALIGN (0x4)
                0x0000000008009098                _etext = .

.vfp11_veneer   0x0000000008009098        0x0
 .vfp11_veneer  0x0000000008009098        0x0 linker stubs

.v4_bx          0x0000000008009098        0x0
 .v4_bx         0x0000000008009098        0x0 linker stubs

.iplt           0x0000000008009098        0x0
 .iplt          0x0000000008009098        0x0 D:/ST/STM32CubeIDE_1.13.2/STM32CubeIDE/plugins/com.st.stm32cube.ide.mcu.externaltools.gnu-tools-for-stm32.11.3.rel1.win32_1.1.1.202309131626/tools/bin/../lib/gcc/arm-none-eabi/11.3.1/thumb/v7-m/nofp/crtbegin.o

.rodata         0x0000000008009098      0x9b0
                0x0000000008009098                . = ALIGN (0x4)
 *(.rodata)
 .rodata        0x0000000008009098       0x89 ./Core/Src/main.o
 *fill*         0x0000000008009121        0x3 
 .rodata        0x0000000008009124       0x10 ./Drivers/STM32F1xx_HAL_Driver/Src/stm32f1xx_hal_rcc.o
 *(.rodata*)
 .rodata.AHBPrescTable
                0x0000000008009134       0x10 ./Core/Src/system_stm32f1xx.o
                0x0000000008009134                AHBPrescTable
 .rodata.APBPrescTable
                0x0000000008009144        0x8 ./Core/Src/system_stm32f1xx.o
                0x0000000008009144                APBPrescTable
 .rodata.FontLarge
                0x000000000800914c      0x4d3 ./libs/ILI9225.o
                0x000000000800914c                FontLarge
 *fill*         0x000000000800961f        0x1 
 .rodata.cloud  0x0000000008009620       0x20 ./libs/ILI9225.o
                0x0000000008009620                cloud
 .rodata.sun    0x0000000008009640       0x40 ./libs/ILI9225.o
                0x0000000008009640                sun
 .rodata._printf_float.str1.1
                0x0000000008009680       0x12 D:/ST/STM32CubeIDE_1.13.2/STM32CubeIDE/plugins/com.st.stm32cube.ide.mcu.externaltools.gnu-tools-for-stm32.11.3.rel1.win32_1.1.1.202309131626/tools/bin/../lib/gcc/arm-none-eabi/11.3.1/../../../../arm-none-eabi/lib/thumb/v7-m/nofp\libc_nano.a(libc_a-nano-vfprintf_float.o)
 .rodata._printf_i.str1.1
                0x0000000008009692       0x22 D:/ST/STM32CubeIDE_1.13.2/STM32CubeIDE/plugins/com.st.stm32cube.ide.mcu.externaltools.gnu-tools-for-stm32.11.3.rel1.win32_1.1.1.202309131626/tools/bin/../lib/gcc/arm-none-eabi/11.3.1/../../../../arm-none-eabi/lib/thumb/v7-m/nofp\libc_nano.a(libc_a-nano-vfprintf_i.o)
 .rodata.strtok.str1.1
                0x00000000080096b4       0x71 D:/ST/STM32CubeIDE_1.13.2/STM32CubeIDE/plugins/com.st.stm32cube.ide.mcu.externaltools.gnu-tools-for-stm32.11.3.rel1.win32_1.1.1.202309131626/tools/bin/../lib/gcc/arm-none-eabi/11.3.1/../../../../arm-none-eabi/lib/thumb/v7-m/nofp\libc_nano.a(libc_a-strtok.o)
 .rodata.__assert_func.str1.1
                0x0000000008009725       0x3c D:/ST/STM32CubeIDE_1.13.2/STM32CubeIDE/plugins/com.st.stm32cube.ide.mcu.externaltools.gnu-tools-for-stm32.11.3.rel1.win32_1.1.1.202309131626/tools/bin/../lib/gcc/arm-none-eabi/11.3.1/../../../../arm-none-eabi/lib/thumb/v7-m/nofp\libc_nano.a(libc_a-assert.o)
                                         0x3d (size before relaxing)
 .rodata._dtoa_r.str1.1
                0x0000000008009761       0x76 D:/ST/STM32CubeIDE_1.13.2/STM32CubeIDE/plugins/com.st.stm32cube.ide.mcu.externaltools.gnu-tools-for-stm32.11.3.rel1.win32_1.1.1.202309131626/tools/bin/../lib/gcc/arm-none-eabi/11.3.1/../../../../arm-none-eabi/lib/thumb/v7-m/nofp\libc_nano.a(libc_a-dtoa.o)
                                         0x8f (size before relaxing)
 .rodata._Balloc.str1.1
                0x00000000080097d7       0x59 D:/ST/STM32CubeIDE_1.13.2/STM32CubeIDE/plugins/com.st.stm32cube.ide.mcu.externaltools.gnu-tools-for-stm32.11.3.rel1.win32_1.1.1.202309131626/tools/bin/../lib/gcc/arm-none-eabi/11.3.1/../../../../arm-none-eabi/lib/thumb/v7-m/nofp\libc_nano.a(libc_a-mprec.o)
                                         0x70 (size before relaxing)
 .rodata.__multadd.str1.1
                0x0000000008009830       0x11 D:/ST/STM32CubeIDE_1.13.2/STM32CubeIDE/plugins/com.st.stm32cube.ide.mcu.externaltools.gnu-tools-for-stm32.11.3.rel1.win32_1.1.1.202309131626/tools/bin/../lib/gcc/arm-none-eabi/11.3.1/../../../../arm-none-eabi/lib/thumb/v7-m/nofp\libc_nano.a(libc_a-mprec.o)
 .rodata.__mprec_bigtens
                0x0000000008009830       0x28 D:/ST/STM32CubeIDE_1.13.2/STM32CubeIDE/plugins/com.st.stm32cube.ide.mcu.externaltools.gnu-tools-for-stm32.11.3.rel1.win32_1.1.1.202309131626/tools/bin/../lib/gcc/arm-none-eabi/11.3.1/../../../../arm-none-eabi/lib/thumb/v7-m/nofp\libc_nano.a(libc_a-mprec.o)
                0x0000000008009830                __mprec_bigtens
 .rodata.__mprec_tens
                0x0000000008009858       0xc8 D:/ST/STM32CubeIDE_1.13.2/STM32CubeIDE/plugins/com.st.stm32cube.ide.mcu.externaltools.gnu-tools-for-stm32.11.3.rel1.win32_1.1.1.202309131626/tools/bin/../lib/gcc/arm-none-eabi/11.3.1/../../../../arm-none-eabi/lib/thumb/v7-m/nofp\libc_nano.a(libc_a-mprec.o)
                0x0000000008009858                __mprec_tens
 .rodata.p05.0  0x0000000008009920        0xc D:/ST/STM32CubeIDE_1.13.2/STM32CubeIDE/plugins/com.st.stm32cube.ide.mcu.externaltools.gnu-tools-for-stm32.11.3.rel1.win32_1.1.1.202309131626/tools/bin/../lib/gcc/arm-none-eabi/11.3.1/../../../../arm-none-eabi/lib/thumb/v7-m/nofp\libc_nano.a(libc_a-mprec.o)
 .rodata._svfprintf_r.str1.1
                0x000000000800992c       0x11 D:/ST/STM32CubeIDE_1.13.2/STM32CubeIDE/plugins/com.st.stm32cube.ide.mcu.externaltools.gnu-tools-for-stm32.11.3.rel1.win32_1.1.1.202309131626/tools/bin/../lib/gcc/arm-none-eabi/11.3.1/../../../../arm-none-eabi/lib/thumb/v7-m/nofp\libc_nano.a(libc_a-nano-svfprintf.o)
 .rodata._setlocale_r.str1.1
                0x000000000800993d        0x8 D:/ST/STM32CubeIDE_1.13.2/STM32CubeIDE/plugins/com.st.stm32cube.ide.mcu.externaltools.gnu-tools-for-stm32.11.3.rel1.win32_1.1.1.202309131626/tools/bin/../lib/gcc/arm-none-eabi/11.3.1/../../../../arm-none-eabi/lib/thumb/v7-m/nofp\libc_nano.a(libc_a-locale.o)
                                          0x9 (size before relaxing)
 .rodata.str1.1
                0x0000000008009945        0x2 D:/ST/STM32CubeIDE_1.13.2/STM32CubeIDE/plugins/com.st.stm32cube.ide.mcu.externaltools.gnu-tools-for-stm32.11.3.rel1.win32_1.1.1.202309131626/tools/bin/../lib/gcc/arm-none-eabi/11.3.1/../../../../arm-none-eabi/lib/thumb/v7-m/nofp\libc_nano.a(libc_a-locale.o)
 .rodata._ctype_
                0x0000000008009947      0x101 D:/ST/STM32CubeIDE_1.13.2/STM32CubeIDE/plugins/com.st.stm32cube.ide.mcu.externaltools.gnu-tools-for-stm32.11.3.rel1.win32_1.1.1.202309131626/tools/bin/../lib/gcc/arm-none-eabi/11.3.1/../../../../arm-none-eabi/lib/thumb/v7-m/nofp\libc_nano.a(libc_a-ctype_.o)
                0x0000000008009947                _ctype_
 .rodata._vfprintf_r.str1.1
                0x0000000008009a48       0x11 D:/ST/STM32CubeIDE_1.13.2/STM32CubeIDE/plugins/com.st.stm32cube.ide.mcu.externaltools.gnu-tools-for-stm32.11.3.rel1.win32_1.1.1.202309131626/tools/bin/../lib/gcc/arm-none-eabi/11.3.1/../../../../arm-none-eabi/lib/thumb/v7-m/nofp\libc_nano.a(libc_a-nano-vfprintf.o)
                0x0000000008009a5c                . = ALIGN (0x4)

.rel.dyn        0x0000000008009a48        0x0
 .rel.iplt      0x0000000008009a48        0x0 D:/ST/STM32CubeIDE_1.13.2/STM32CubeIDE/plugins/com.st.stm32cube.ide.mcu.externaltools.gnu-tools-for-stm32.11.3.rel1.win32_1.1.1.202309131626/tools/bin/../lib/gcc/arm-none-eabi/11.3.1/thumb/v7-m/nofp/crtbegin.o

.ARM.extab      0x0000000008009a48        0x0
                0x0000000008009a48                . = ALIGN (0x4)
 *(.ARM.extab* .gnu.linkonce.armextab.*)
                0x0000000008009a48                . = ALIGN (0x4)

.ARM            0x0000000008009a48        0x0
                0x0000000008009a48                . = ALIGN (0x4)
                0x0000000008009a48                __exidx_start = .
 *(.ARM.exidx*)
                0x0000000008009a48                __exidx_end = .
                0x0000000008009a48                . = ALIGN (0x4)

.preinit_array  0x0000000008009a48        0x0
                0x0000000008009a48                . = ALIGN (0x4)
                0x0000000008009a48                PROVIDE (__preinit_array_start = .)
 *(.preinit_array*)
                0x0000000008009a48                PROVIDE (__preinit_array_end = .)
                0x0000000008009a48                . = ALIGN (0x4)

.init_array     0x0000000008009a48        0x4
                0x0000000008009a48                . = ALIGN (0x4)
                0x0000000008009a48                PROVIDE (__init_array_start = .)
 *(SORT_BY_NAME(.init_array.*))
 *(.init_array*)
 .init_array    0x0000000008009a48        0x4 D:/ST/STM32CubeIDE_1.13.2/STM32CubeIDE/plugins/com.st.stm32cube.ide.mcu.externaltools.gnu-tools-for-stm32.11.3.rel1.win32_1.1.1.202309131626/tools/bin/../lib/gcc/arm-none-eabi/11.3.1/thumb/v7-m/nofp/crtbegin.o
                0x0000000008009a4c                PROVIDE (__init_array_end = .)
                0x0000000008009a4c                . = ALIGN (0x4)

.fini_array     0x0000000008009a4c        0x4
                0x0000000008009a4c                . = ALIGN (0x4)
                [!provide]                        PROVIDE (__fini_array_start = .)
 *(SORT_BY_NAME(.fini_array.*))
 *(.fini_array*)
 .fini_array    0x0000000008009a4c        0x4 D:/ST/STM32CubeIDE_1.13.2/STM32CubeIDE/plugins/com.st.stm32cube.ide.mcu.externaltools.gnu-tools-for-stm32.11.3.rel1.win32_1.1.1.202309131626/tools/bin/../lib/gcc/arm-none-eabi/11.3.1/thumb/v7-m/nofp/crtbegin.o
                [!provide]                        PROVIDE (__fini_array_end = .)
                0x0000000008009a50                . = ALIGN (0x4)
                0x0000000008009a50                _sidata = LOADADDR (.data)

.data           0x0000000020000000      0x1d4 load address 0x0000000008009a50
                0x0000000020000000                . = ALIGN (0x4)
                0x0000000020000000                _sdata = .
 *(.data)
 *(.data*)
 .data.SystemCoreClock
                0x0000000020000000        0x4 ./Core/Src/system_stm32f1xx.o
                0x0000000020000000                SystemCoreClock
 .data.uwTickPrio
                0x0000000020000004        0x4 ./Drivers/STM32F1xx_HAL_Driver/Src/stm32f1xx_hal.o
                0x0000000020000004                uwTickPrio
 .data.uwTickFreq
                0x0000000020000008        0x1 ./Drivers/STM32F1xx_HAL_Driver/Src/stm32f1xx_hal.o
                0x0000000020000008                uwTickFreq
 *fill*         0x0000000020000009        0x3 
 .data.__sglue  0x000000002000000c        0xc D:/ST/STM32CubeIDE_1.13.2/STM32CubeIDE/plugins/com.st.stm32cube.ide.mcu.externaltools.gnu-tools-for-stm32.11.3.rel1.win32_1.1.1.202309131626/tools/bin/../lib/gcc/arm-none-eabi/11.3.1/../../../../arm-none-eabi/lib/thumb/v7-m/nofp\libc_nano.a(libc_a-findfp.o)
                0x000000002000000c                __sglue
 .data._impure_data
                0x0000000020000018       0x4c D:/ST/STM32CubeIDE_1.13.2/STM32CubeIDE/plugins/com.st.stm32cube.ide.mcu.externaltools.gnu-tools-for-stm32.11.3.rel1.win32_1.1.1.202309131626/tools/bin/../lib/gcc/arm-none-eabi/11.3.1/../../../../arm-none-eabi/lib/thumb/v7-m/nofp\libc_nano.a(libc_a-impure.o)
                0x0000000020000018                _impure_data
 .data._impure_ptr
                0x0000000020000064        0x4 D:/ST/STM32CubeIDE_1.13.2/STM32CubeIDE/plugins/com.st.stm32cube.ide.mcu.externaltools.gnu-tools-for-stm32.11.3.rel1.win32_1.1.1.202309131626/tools/bin/../lib/gcc/arm-none-eabi/11.3.1/../../../../arm-none-eabi/lib/thumb/v7-m/nofp\libc_nano.a(libc_a-impure.o)
                0x0000000020000064                _impure_ptr
 .data.__global_locale
                0x0000000020000068      0x16c D:/ST/STM32CubeIDE_1.13.2/STM32CubeIDE/plugins/com.st.stm32cube.ide.mcu.externaltools.gnu-tools-for-stm32.11.3.rel1.win32_1.1.1.202309131626/tools/bin/../lib/gcc/arm-none-eabi/11.3.1/../../../../arm-none-eabi/lib/thumb/v7-m/nofp\libc_nano.a(libc_a-locale.o)
                0x0000000020000068                __global_locale
 *(.RamFunc)
 *(.RamFunc*)
                0x00000000200001d4                . = ALIGN (0x4)
                0x00000000200001d4                _edata = .

.igot.plt       0x00000000200001d4        0x0 load address 0x0000000008009c24
 .igot.plt      0x00000000200001d4        0x0 D:/ST/STM32CubeIDE_1.13.2/STM32CubeIDE/plugins/com.st.stm32cube.ide.mcu.externaltools.gnu-tools-for-stm32.11.3.rel1.win32_1.1.1.202309131626/tools/bin/../lib/gcc/arm-none-eabi/11.3.1/thumb/v7-m/nofp/crtbegin.o
                0x00000000200001d4                . = ALIGN (0x4)

.bss            0x00000000200001d4      0x3b0 load address 0x0000000008009c24
                0x00000000200001d4                _sbss = .
                0x00000000200001d4                __bss_start__ = _sbss
 *(.bss)
 .bss           0x00000000200001d4       0x1c D:/ST/STM32CubeIDE_1.13.2/STM32CubeIDE/plugins/com.st.stm32cube.ide.mcu.externaltools.gnu-tools-for-stm32.11.3.rel1.win32_1.1.1.202309131626/tools/bin/../lib/gcc/arm-none-eabi/11.3.1/thumb/v7-m/nofp/crtbegin.o
 *(.bss*)
 .bss.hi2c2     0x00000000200001f0       0x54 ./Core/Src/main.o
                0x00000000200001f0                hi2c2
 .bss.hspi1     0x0000000020000244       0x58 ./Core/Src/main.o
                0x0000000020000244                hspi1
 .bss.huart1    0x000000002000029c       0x44 ./Core/Src/main.o
                0x000000002000029c                huart1
 .bss.DHT11_Data
                0x00000000200002e0       0x18 ./Core/Src/main.o
                0x00000000200002e0                DHT11_Data
 .bss.Temperature
                0x00000000200002f8        0x4 ./Core/Src/main.o
                0x00000000200002f8                Temperature
 .bss.Humidity  0x00000000200002fc        0x4 ./Core/Src/main.o
                0x00000000200002fc                Humidity
 .bss.Temp1     0x0000000020000300        0x4 ./Core/Src/main.o
                0x0000000020000300                Temp1
 .bss.Temp2     0x0000000020000304        0x4 ./Core/Src/main.o
                0x0000000020000304                Temp2
 .bss.Hum1      0x0000000020000308        0x4 ./Core/Src/main.o
                0x0000000020000308                Hum1
 .bss.Hum2      0x000000002000030c        0x4 ./Core/Src/main.o
                0x000000002000030c                Hum2
 .bss.previous_temp1
                0x0000000020000310        0x4 ./Core/Src/main.o
                0x0000000020000310                previous_temp1
 .bss.previous_temp2
                0x0000000020000314        0x4 ./Core/Src/main.o
                0x0000000020000314                previous_temp2
 .bss.previous_hum1
                0x0000000020000318        0x4 ./Core/Src/main.o
                0x0000000020000318                previous_hum1
 .bss.is_show_frame
                0x000000002000031c        0x1 ./Core/Src/main.o
                0x000000002000031c                is_show_frame
 *fill*         0x000000002000031d        0x3 
 .bss.temp_nguyen_str
                0x0000000020000320        0x4 ./Core/Src/main.o
                0x0000000020000320                temp_nguyen_str
 .bss.temp_thap_phan_str
                0x0000000020000324        0x4 ./Core/Src/main.o
                0x0000000020000324                temp_thap_phan_str
 .bss.hum_phan_nguyen_str
                0x0000000020000328        0x4 ./Core/Src/main.o
                0x0000000020000328                hum_phan_nguyen_str
 .bss.hum_phan_thap_phan_str
                0x000000002000032c        0x8 ./Core/Src/main.o
                0x000000002000032c                hum_phan_thap_phan_str
 .bss.datetime  0x0000000020000334        0x7 ./Core/Src/main.o
                0x0000000020000334                datetime
 .bss.second_present
                0x000000002000033b        0x1 ./Core/Src/main.o
                0x000000002000033b                second_present
 .bss.min_present
                0x000000002000033c        0x1 ./Core/Src/main.o
                0x000000002000033c                min_present
 .bss.hour_present
                0x000000002000033d        0x1 ./Core/Src/main.o
                0x000000002000033d                hour_present
 .bss.date_present
                0x000000002000033e        0x1 ./Core/Src/main.o
                0x000000002000033e                date_present
 .bss.month_present
                0x000000002000033f        0x1 ./Core/Src/main.o
                0x000000002000033f                month_present
 .bss.year_present
                0x0000000020000340        0x1 ./Core/Src/main.o
                0x0000000020000340                year_present
 .bss.min_temp  0x0000000020000341        0x1 ./Core/Src/main.o
                0x0000000020000341                min_temp
 .bss.hour_temp
                0x0000000020000342        0x1 ./Core/Src/main.o
                0x0000000020000342                hour_temp
 .bss.date_temp
                0x0000000020000343        0x1 ./Core/Src/main.o
                0x0000000020000343                date_temp
 .bss.min_temp1
                0x0000000020000344        0x1 ./Core/Src/main.o
                0x0000000020000344                min_temp1
 .bss.hour_temp1
                0x0000000020000345        0x1 ./Core/Src/main.o
                0x0000000020000345                hour_temp1
 .bss.date_temp1
                0x0000000020000346        0x1 ./Core/Src/main.o
                0x0000000020000346                date_temp1
 .bss.secondtemp
                0x0000000020000347        0x1 ./Core/Src/main.o
                0x0000000020000347                secondtemp
 .bss.mintemp   0x0000000020000348        0x1 ./Core/Src/main.o
                0x0000000020000348                mintemp
 .bss.hourtemp  0x0000000020000349        0x1 ./Core/Src/main.o
                0x0000000020000349                hourtemp
 .bss.datetemp  0x000000002000034a        0x1 ./Core/Src/main.o
                0x000000002000034a                datetemp
 .bss.monthtemp
                0x000000002000034b        0x1 ./Core/Src/main.o
                0x000000002000034b                monthtemp
 .bss.yeartemp  0x000000002000034c        0x1 ./Core/Src/main.o
                0x000000002000034c                yeartemp
 .bss.date_max  0x000000002000034d        0x1 ./Core/Src/main.o
                0x000000002000034d                date_max
 *fill*         0x000000002000034e        0x2 
 .bss.strmin    0x0000000020000350       0x14 ./Core/Src/main.o
                0x0000000020000350                strmin
 .bss.strhour   0x0000000020000364       0x14 ./Core/Src/main.o
                0x0000000020000364                strhour
 .bss.strdate   0x0000000020000378       0x14 ./Core/Src/main.o
                0x0000000020000378                strdate
 .bss.strtempmin1
                0x000000002000038c       0x14 ./Core/Src/main.o
                0x000000002000038c                strtempmin1
 .bss.strtemphour1
                0x00000000200003a0       0x14 ./Core/Src/main.o
                0x00000000200003a0                strtemphour1
 .bss.strtempdate1
                0x00000000200003b4       0x14 ./Core/Src/main.o
                0x00000000200003b4                strtempdate1
 .bss.str1      0x00000000200003c8       0x14 ./Core/Src/main.o
                0x00000000200003c8                str1
 .bss.str2      0x00000000200003dc       0x14 ./Core/Src/main.o
                0x00000000200003dc                str2
 .bss.present_session
                0x00000000200003f0        0x1 ./Core/Src/main.o
                0x00000000200003f0                present_session
 .bss.previous_session
                0x00000000200003f1        0x1 ./Core/Src/main.o
                0x00000000200003f1                previous_session
 .bss.session_flag
                0x00000000200003f2        0x1 ./Core/Src/main.o
                0x00000000200003f2                session_flag
 .bss.Rx_Buf    0x00000000200003f3        0x1 ./Core/Src/main.o
                0x00000000200003f3                Rx_Buf
 .bss.uart_buffer
                0x00000000200003f4        0x7 ./Core/Src/main.o
                0x00000000200003f4                uart_buffer
 .bss.uart_pointer
                0x00000000200003fb        0x1 ./Core/Src/main.o
                0x00000000200003fb                uart_pointer
 .bss.uart_flag
                0x00000000200003fc        0x1 ./Core/Src/main.o
                0x00000000200003fc                uart_flag
 *fill*         0x00000000200003fd        0x3 
 .bss.data_string3
                0x0000000020000400        0xc ./Core/Src/main.o
                0x0000000020000400                data_string3
 .bss.live_flag
                0x000000002000040c        0x1 ./Core/Src/main.o
                0x000000002000040c                live_flag
 .bss.living    0x000000002000040d        0x1 ./Core/Src/main.o
                0x000000002000040d                living
 .bss.mode      0x000000002000040e        0x1 ./Core/Src/main.o
                0x000000002000040e                mode
 .bss.button0_detect
                0x000000002000040f        0x1 ./Core/Src/main.o
                0x000000002000040f                button0_detect
 .bss.button00_detect
                0x0000000020000410        0x1 ./Core/Src/main.o
                0x0000000020000410                button00_detect
 *fill*         0x0000000020000411        0x3 
 .bss.button0_detect_time
                0x0000000020000414        0x4 ./Core/Src/main.o
                0x0000000020000414                button0_detect_time
 .bss.button1_detect
                0x0000000020000418        0x1 ./Core/Src/main.o
                0x0000000020000418                button1_detect
 .bss.button11_detect
                0x0000000020000419        0x1 ./Core/Src/main.o
                0x0000000020000419                button11_detect
 *fill*         0x000000002000041a        0x2 
 .bss.button1_detect_time
                0x000000002000041c        0x4 ./Core/Src/main.o
                0x000000002000041c                button1_detect_time
 .bss.button22_detect
                0x0000000020000420        0x1 ./Core/Src/main.o
                0x0000000020000420                button22_detect
 .bss.button2_detect
                0x0000000020000421        0x1 ./Core/Src/main.o
                0x0000000020000421                button2_detect
 *fill*         0x0000000020000422        0x2 
 .bss.button2_detect_time
                0x0000000020000424        0x4 ./Core/Src/main.o
                0x0000000020000424                button2_detect_time
 .bss.__sbrk_heap_end
                0x0000000020000428        0x4 ./Core/Src/sysmem.o
 .bss.uwTick    0x000000002000042c        0x4 ./Drivers/STM32F1xx_HAL_Driver/Src/stm32f1xx_hal.o
                0x000000002000042c                uwTick
 .bss.Rh_byte1  0x0000000020000430        0x1 ./libs/DHT.o
                0x0000000020000430                Rh_byte1
 .bss.Rh_byte2  0x0000000020000431        0x1 ./libs/DHT.o
                0x0000000020000431                Rh_byte2
 .bss.Temp_byte1
                0x0000000020000432        0x1 ./libs/DHT.o
                0x0000000020000432                Temp_byte1
 .bss.Temp_byte2
                0x0000000020000433        0x1 ./libs/DHT.o
                0x0000000020000433                Temp_byte2
 .bss.SUM       0x0000000020000434        0x2 ./libs/DHT.o
                0x0000000020000434                SUM
 .bss.Presence  0x0000000020000436        0x1 ./libs/DHT.o
                0x0000000020000436                Presence
 *fill*         0x0000000020000437        0x1 
 .bss.__sf      0x0000000020000438      0x138 D:/ST/STM32CubeIDE_1.13.2/STM32CubeIDE/plugins/com.st.stm32cube.ide.mcu.externaltools.gnu-tools-for-stm32.11.3.rel1.win32_1.1.1.202309131626/tools/bin/../lib/gcc/arm-none-eabi/11.3.1/../../../../arm-none-eabi/lib/thumb/v7-m/nofp\libc_nano.a(libc_a-findfp.o)
                0x0000000020000438                __sf
 .bss.__stdio_exit_handler
                0x0000000020000570        0x4 D:/ST/STM32CubeIDE_1.13.2/STM32CubeIDE/plugins/com.st.stm32cube.ide.mcu.externaltools.gnu-tools-for-stm32.11.3.rel1.win32_1.1.1.202309131626/tools/bin/../lib/gcc/arm-none-eabi/11.3.1/../../../../arm-none-eabi/lib/thumb/v7-m/nofp\libc_nano.a(libc_a-findfp.o)
                0x0000000020000570                __stdio_exit_handler
 .bss.errno     0x0000000020000574        0x4 D:/ST/STM32CubeIDE_1.13.2/STM32CubeIDE/plugins/com.st.stm32cube.ide.mcu.externaltools.gnu-tools-for-stm32.11.3.rel1.win32_1.1.1.202309131626/tools/bin/../lib/gcc/arm-none-eabi/11.3.1/../../../../arm-none-eabi/lib/thumb/v7-m/nofp\libc_nano.a(libc_a-reent.o)
                0x0000000020000574                errno
 .bss.__lock___malloc_recursive_mutex
                0x0000000020000578        0x1 D:/ST/STM32CubeIDE_1.13.2/STM32CubeIDE/plugins/com.st.stm32cube.ide.mcu.externaltools.gnu-tools-for-stm32.11.3.rel1.win32_1.1.1.202309131626/tools/bin/../lib/gcc/arm-none-eabi/11.3.1/../../../../arm-none-eabi/lib/thumb/v7-m/nofp\libc_nano.a(libc_a-lock.o)
                0x0000000020000578                __lock___malloc_recursive_mutex
 .bss.__lock___sfp_recursive_mutex
                0x0000000020000579        0x1 D:/ST/STM32CubeIDE_1.13.2/STM32CubeIDE/plugins/com.st.stm32cube.ide.mcu.externaltools.gnu-tools-for-stm32.11.3.rel1.win32_1.1.1.202309131626/tools/bin/../lib/gcc/arm-none-eabi/11.3.1/../../../../arm-none-eabi/lib/thumb/v7-m/nofp\libc_nano.a(libc_a-lock.o)
                0x0000000020000579                __lock___sfp_recursive_mutex
 *fill*         0x000000002000057a        0x2 
 .bss.__malloc_free_list