../Core/Src/main.c:150:6:Read_DataDHT	8	static
../Core/Src/main.c:161:6:HAL_GPIO_EXTI_Callback	16	static
../Core/Src/main.c:186:6:btn_adjust_mode	16	static
../Core/Src/main.c:242:6:btn_adjust_up	16	static
../Core/Src/main.c:320:6:btn_adjust_down	16	static
../Core/Src/main.c:399:6:HAL_UART_RxCpltCallback	16	static
../Core/Src/main.c:417:6:UART_Handle	128	static
../Core/Src/main.c:482:5:main	16	static
../Core/Src/main.c:688:6:SystemClock_Config	72	static
../Core/Src/main.c:728:13:MX_I2C2_Init	8	static
../Core/Src/main.c:762:13:MX_SPI1_Init	8	static
../Core/Src/main.c:800:13:MX_USART1_UART_Init	8	static
../Core/Src/main.c:833:13:MX_GPIO_Init	40	static
../Core/Src/main.c:885:6:Error_Handler	4	static,ignoring_inline_asm
